C51 COMPILER V9.54   OSDFONT_TC                                                            01/06/2017 14:57:03 PAGE 1   


C51 COMPILER V9.54, COMPILATION OF MODULE OSDFONT_TC
OBJECT MODULE PLACED IN .\Bin\OSDFont_TC.obj
COMPILER INVOKED BY: D:\Keil_v5\C51\BIN\C51.EXE App\OSD\OSDFont_TC.c LARGE OPTIMIZE(9,SPEED) BROWSE INCDIR(.\App;.\App\O
                    -SD;.\App\User;.\Lib;.\Lib\NT68810 Series;.\Lib\ScalerCfg;.\Phy\Panel;.\Phy\SI\NVT\Board;.\Phy\SI\NVT\Component;.\Phy\SI\
                    -NVT\Keypad;.\Sys;.\Sys\SI\NVT;.\Phy\SI\NVT\Keypad\NT68870_MODULE_KEYPAD) DEFINE(SCALER_TYPE=NT68870,NT68870_MODULE,LVIEW
                    -_2560X1440,FLASH_BANK=8) PRINT(.\Lst\OSDFont_TC.lst) TABS(2) OBJECT(.\Bin\OSDFont_TC.obj)

line level    source

   1          #include "Include.h"
   2          
   3          
   4          #if OSDTYPE == OSD_BENQ
              #include "OSD_BENQ/OSDFont_TC.c"
              #elif OSDTYPE == OSD_BENQ_V1
              #include "OSD_BENQ_V1/OSDFont_TC.c"
              #elif OSDTYPE == OSD_BENQ_V2
   9          #include "OSD_BENQ_V2/OSDFont_TC.c"
  10          #endif 
  11          


MODULE INFORMATION:   STATIC OVERLAYABLE
   CODE SIZE        =     49    ----
   CONSTANT SIZE    =  17131    ----
   XDATA SIZE       =   ----    ----
   PDATA SIZE       =   ----    ----
   DATA SIZE        =   ----    ----
   IDATA SIZE       =   ----    ----
   BIT SIZE         =   ----    ----
END OF MODULE INFORMATION.


C51 COMPILATION COMPLETE.  0 WARNING(S),  0 ERROR(S)
