BL51 BANKED LINKER/LOCATER V6.22                                                        01/06/2017  14:57:29  PAGE 1


BL51 BANKED LINKER/LOCATER V6.22, INVOKED BY:
D:\KEIL_V5\C51\BIN\BL51.EXE COMMON {.\Bin\Main.obj}, COMMON {.\Bin\Int.obj}, COMMON {.\Bin\ScalerAccess.obj}, COMMON {.\
>> Bin\OSDAPI_Common.obj}, COMMON {.\Bin\EmbedCheckSum.obj}, COMMON {.\Lib\fe2p_large_3.13.LIB}, COMMON {.\Bin\Scaler_DP
>> _Common.obj}, COMMON {.\Bin\STARTUP_A000_1300.obj}, COMMON {.\Bin\set_b62.obj}, COMMON {.\Bin\NT68F631_8bank.obj}, CO
>> MMON {.\Bin\GamaApi_Common.obj}, BANK0 {.\Bin\AutoAdj.obj}, BANK0 {.\Bin\AutoAdjConfig.obj}, BANK0 {.\Bin\SyncHandler
>> .obj}, BANK0 {.\Bin\ModeHandler.obj}, BANK0 {.\Bin\ModeTable.obj}, BANK0 {.\Bin\ModeSearch.obj}, BANK0 {.\Bin\ModeCon
>> fig.obj}, BANK0 {.\Bin\NR.obj}, BANK0 {.\Bin\Nvram.obj}, BANK0 {.\Bin\NvramIIC.obj}, BANK0 {.\Bin\SysAPI.obj}, BANK0 
>> {.\Bin\Mcu.obj}, BANK0 {.\Bin\McuADC.obj}, BANK0 {.\Bin\McuDDC.obj}, BANK0 {.\Bin\McuIO.obj}, BANK0 {.\Bin\McuHwIIC.o
>> bj}, BANK0 {.\Bin\Board.obj}, BANK0 {.\Bin\KeyPad.obj}, BANK0 {.\Bin\Misc.obj}, BANK0 {.\Bin\Ram.obj}, BANK0 {.\Bin\P
>> anel.obj}, BANK0 {.\Bin\FpgaIIC.obj}, BANK0 {.\Bin\AD9884.obj}, BANK0 {.\Bin\ScalerReg.obj}, BANK0 {.\Bin\Scaler_Comm
>> on.obj}, BANK0 {.\Bin\Scaler_HDMI.obj}, BANK0 {.\Bin\Scaler_LedDriver.obj}, BANK0 {.\Bin\Scaler_LVDS.obj}, BANK0 {.\B
>> in\Scaler_Power.obj}, BANK0 {.\Bin\Scaler_MMU.obj}, BANK0 {.\Bin\Scaler_Sync.obj}, BANK0 {.\Bin\Scaler_TMDS.obj}, BAN
>> K0 {.\Bin\Fe2p_API.obj}, BANK0 {.\Bin\McuReg.obj}, BANK0 {.\Bin\Scaler_CSC.obj}, BANK0 {.\Bin\McuMisc.obj}, BANK0 {.\
>> Bin\KeyPadStressTest.obj}, BANK1 {.\Bin\OSDIndex.obj}, BANK1 {.\Bin\OSDView.obj}, BANK1 {.\Bin\KeyCtrl.obj}, BANK1 {.
>> \Bin\Gama_4.obj}, BANK1 {.\Bin\DBC.obj}, BANK1 {.\Bin\DBCAPI.obj}, BANK2 {.\Bin\APPCtrl.obj}, BANK2 {.\Bin\EventHandl
>> e.obj}, BANK2 {.\Bin\OSDFont.obj}, BANK3 {.\Bin\Scaler_Display.obj}, BANK3 {.\Bin\ColorConfig.obj}, BANK3 {.\Lib\Colo
>> rEngine_Large.LIB}, BANK3 {.\Bin\LD.obj}, BANK3 {.\Bin\AT.obj}, BANK3 {.\Bin\MHL.obj}, BANK3 {.\Bin\SRAPI.obj}, BANK3
>>  {.\Bin\LDAPI.obj}, BANK3 {.\Bin\Scaler_MHL.obj}, BANK3 {.\Bin\Scaler_DP.obj}, BANK3 {.\Bin\Scaler_DP_6502.obj}, BANK
>> 3 {.\Bin\EDP.obj}, BANK3 {.\Bin\DPTx.obj}, BANK3 {.\Bin\USBTypeC.obj}, BANK3 {.\Bin\USBTypeCFPGA.obj}, BANK3 {.\Bin\S
>> caler_FRC.obj}, BANK3 {.\Bin\USBTypeCHandler.obj}, BANK3 {.\Bin\OSDFont_TC.obj}, BANK4 {.\Bin\UserSetting.obj}, BANK4
>>  {.\Bin\SMOSDView.obj}, BANK4 {.\Bin\OSDFunc.obj}, BANK4 {.\Bin\OSDCtrl.obj}, BANK4 {.\Bin\OSDIndex3.obj}, BANK4 {.\B
>> in\Gama_3.obj}, BANK4 {.\Bin\OSDView3.obj}, BANK5 {.\Bin\Scaler_Dithering.obj}, BANK5 {.\Bin\Scaler_Capture.obj}, BAN
>> K5 {.\Bin\Gama_2.obj}, BANK5 {.\Bin\Scaler_ADC.obj}, BANK5 {.\Bin\Scaler_NR.obj}, BANK5 {.\Bin\Logo.obj}, BANK5 {.\Bi
>> n\OSDFont_SC.obj}, BANK5 {.\Bin\OSDFont_Europe.obj}, BANK6 {.\Bin\CEC.obj}, BANK6 {.\Bin\SR.obj}, BANK6 {.\Bin\Ddcci.
>> obj}, BANK6 {.\Bin\DdcciCtrl.obj}, BANK6 {.\Bin\OSDAPI2.obj}, BANK6 {.\Bin\OSDAPI.obj}, BANK6 {.\Bin\OSDAPI_Indent.ob
>> j}, BANK6 {.\Bin\Scaler_PWM.obj}, BANK6 {.\Bin\FOSDView.obj}, BANK6 {.\Bin\OSDFont_Japan.obj}, BANK6 {.\Bin\Gama_byPa
>> ss.obj}, BANK6 {.\Bin\Gama_1.obj}, BANK7 {.\Bin\Gamma.obj}, BANK7 {.\Bin\GammaAPI.obj}, BANK7 {.\Bin\ODAPI.obj}, BANK
>> 7 {.\Bin\HDCPAPI.obj}, BANK7 {.\Bin\HDCP.obj}, BANK7 {.\Bin\OSDIndex2.obj}, BANK7 {.\Bin\OD.obj}, BANK7 {.\Lib\ODTran
>> sform_Large.LIB}, BANK7 {.\Bin\OSDView2.obj} TO .\Bin\NT68875_ BANKAREA (0X0000, 0XFFFF) PRINT (.\Lst\temp.m51) RAMSI
>> ZE (256) B0 (?CO?MODETABLE (0X5000), ?CO?SCALER_COMMON) B1 (?CO?OSDINDEX (0X5000), ?CO?OSDVIEW, ?CO?GAMA_4, ?CO?DBC) 
>> B2 (?CO?OSDFONT (0X5000)) B3 (?CO?DDCCI (0X5000), ?CO?LD, ?CO?MHL, ?CO?SCALER_DP_6502, ?CO?USBTYPECHANDLER, ?CO?USBTY
>> PEC, ?CO?OSDFONT_TC, ?CO?COLORCONFIG) B4 (?CO?SMOSDVIEW (0X5000), ?CO?OSDINDEX3, ?CO?OSDCTRL, ?CO?OSDFUNC, ?CO?USERSE
>> TTING, ?CO?GAMA_3) B5 (?CO?OSDFONT_EUROPE (0X5000), ?CO?LOGO, ?CO?OSDFONT_SC, ?CO?GAMA_2) B6 (?CO?FOSDVIEW (0X5000), 
>> ?CO?OSDFONT_JAPAN, ?CO?GAMA_BYPASS, ?CO?GAMA_1, ?CO?DDCCICTRL) B7 (?CO?OSDVIEW2 (0X5000), ?CO?HDCPAPI, ?CO?GAMMA, ?CO
>> ?OD, ?CO?OSDINDEX2) CODE (0X0000-0XFFFF) XDATA (0XA000-0XA7FF, 0XB000-0XB2FF) OVERLAY (* ~  (?PR?OSDCTRL))


MEMORY MODEL: LARGE WITH FLOATING POINT ARITHMETIC


INPUT MODULES INCLUDED:
  .\Bin\Main.obj (MAIN)
  .\Bin\Int.obj (INT)
  .\Bin\ScalerAccess.obj (SCALERACCESS)
  .\Bin\OSDAPI_Common.obj (OSDAPI_COMMON)
  .\Bin\EmbedCheckSum.obj (EMBEDCHECKSUM)
  .\Bin\Scaler_DP_Common.obj (SCALER_DP_COMMON)
  .\Bin\STARTUP_A000_1300.obj (?C_STARTUP)
  .\Bin\set_b62.obj (SETB_62)
  .\Bin\NT68F631_8bank.obj (?BANK?SWITCHING)
  .\Bin\GamaApi_Common.obj (GAMAAPI_COMMON)
  .\Bin\AutoAdj.obj (AUTOADJ)
  .\Bin\AutoAdjConfig.obj (AUTOADJCONFIG)
  .\Bin\SyncHandler.obj (SYNCHANDLER)
  .\Bin\ModeHandler.obj (MODEHANDLER)
  .\Bin\ModeTable.obj (MODETABLE)
  .\Bin\ModeSearch.obj (MODESEARCH)
  .\Bin\ModeConfig.obj (MODECONFIG)
BL51 BANKED LINKER/LOCATER V6.22                                                      01/06/2017  14:57:29  PAGE 2


  .\Bin\NR.obj (NR)
  .\Bin\Nvram.obj (NVRAM)
  .\Bin\NvramIIC.obj (NVRAMIIC)
  .\Bin\SysAPI.obj (SYSAPI)
  .\Bin\Mcu.obj (MCU)
  .\Bin\McuADC.obj (MCUADC)
  .\Bin\McuDDC.obj (MCUDDC)
  .\Bin\McuIO.obj (MCUIO)
  .\Bin\McuHwIIC.obj (MCUHWIIC)
  .\Bin\Board.obj (BOARD)
  .\Bin\KeyPad.obj (KEYPAD)
  .\Bin\Misc.obj (MISC)
  .\Bin\Ram.obj (RAM)
  .\Bin\Panel.obj (PANEL)
  .\Bin\FpgaIIC.obj (FPGAIIC)
  .\Bin\AD9884.obj (AD9884)
  .\Bin\ScalerReg.obj (SCALERREG)
  .\Bin\Scaler_Common.obj (SCALER_COMMON)
  .\Bin\Scaler_HDMI.obj (SCALER_HDMI)
  .\Bin\Scaler_LedDriver.obj (SCALER_LEDDRIVER)
  .\Bin\Scaler_LVDS.obj (SCALER_LVDS)
  .\Bin\Scaler_Power.obj (SCALER_POWER)
  .\Bin\Scaler_MMU.obj (SCALER_MMU)
  .\Bin\Scaler_Sync.obj (SCALER_SYNC)
  .\Bin\Scaler_TMDS.obj (SCALER_TMDS)
  .\Bin\Fe2p_API.obj (FE2P_API)
  .\Bin\McuReg.obj (MCUREG)
  .\Bin\Scaler_CSC.obj (SCALER_CSC)
  .\Bin\McuMisc.obj (MCUMISC)
  .\Bin\KeyPadStressTest.obj (KEYPADSTRESSTEST)
  .\Bin\OSDIndex.obj (OSDINDEX)
  .\Bin\OSDView.obj (OSDVIEW)
  .\Bin\KeyCtrl.obj (KEYCTRL)
  .\Bin\Gama_4.obj (GAMA_4)
  .\Bin\DBC.obj (DBC)
  .\Bin\DBCAPI.obj (DBCAPI)
  .\Bin\APPCtrl.obj (APPCTRL)
  .\Bin\EventHandle.obj (EVENTHANDLE)
  .\Bin\OSDFont.obj (OSDFONT)
  .\Bin\Scaler_Display.obj (SCALER_DISPLAY)
  .\Bin\ColorConfig.obj (COLORCONFIG)
  .\Lib\ColorEngine_Large.LIB (BFAPI)
  .\Lib\ColorEngine_Large.LIB (MATRIX)
  .\Lib\ColorEngine_Large.LIB (DCR)
  .\Lib\ColorEngine_Large.LIB (DCR_SETDYMACE)
  .\Bin\LD.obj (LD)
  .\Bin\AT.obj (AT)
  .\Bin\MHL.obj (MHL)
  .\Bin\SRAPI.obj (SRAPI)
  .\Bin\LDAPI.obj (LDAPI)
  .\Bin\Scaler_MHL.obj (SCALER_MHL)
  .\Bin\Scaler_DP.obj (SCALER_DP)
  .\Bin\Scaler_DP_6502.obj (SCALER_DP_6502)
  .\Bin\EDP.obj (EDP)
  .\Bin\DPTx.obj (DPTX)
  .\Bin\USBTypeC.obj (USBTYPEC)
  .\Bin\USBTypeCFPGA.obj (USBTYPECFPGA)
BL51 BANKED LINKER/LOCATER V6.22                                                      01/06/2017  14:57:29  PAGE 3


  .\Bin\Scaler_FRC.obj (SCALER_FRC)
  .\Bin\USBTypeCHandler.obj (USBTYPECHANDLER)
  .\Bin\OSDFont_TC.obj (OSDFONT_TC)
  .\Bin\UserSetting.obj (USERSETTING)
  .\Bin\SMOSDView.obj (SMOSDVIEW)
  .\Bin\OSDFunc.obj (OSDFUNC)
  .\Bin\OSDCtrl.obj (OSDCTRL)
  .\Bin\OSDIndex3.obj (OSDINDEX3)
  .\Bin\Gama_3.obj (GAMA_3)
  .\Bin\OSDView3.obj (OSDVIEW3)
  .\Bin\Scaler_Dithering.obj (SCALER_DITHERING)
  .\Bin\Scaler_Capture.obj (SCALER_CAPTURE)
  .\Bin\Gama_2.obj (GAMA_2)
  .\Bin\Scaler_ADC.obj (SCALER_ADC)
  .\Bin\Scaler_NR.obj (SCALER_NR)
  .\Bin\Logo.obj (LOGO)
  .\Bin\OSDFont_SC.obj (OSDFONT_SC)
  .\Bin\OSDFont_Europe.obj (OSDFONT_EUROPE)
  .\Bin\CEC.obj (CEC)
  .\Bin\SR.obj (SR)
  .\Bin\Ddcci.obj (DDCCI)
  .\Bin\DdcciCtrl.obj (DDCCICTRL)
  .\Bin\OSDAPI2.obj (OSDAPI2)
  .\Bin\OSDAPI.obj (OSDAPI)
  .\Bin\OSDAPI_Indent.obj (OSDAPI_INDENT)
  .\Bin\Scaler_PWM.obj (SCALER_PWM)
  .\Bin\FOSDView.obj (FOSDVIEW)
  .\Bin\OSDFont_Japan.obj (OSDFONT_JAPAN)
  .\Bin\Gama_byPass.obj (GAMA_BYPASS)
  .\Bin\Gama_1.obj (GAMA_1)
  .\Bin\Gamma.obj (GAMMA)
  .\Bin\GammaAPI.obj (GAMMAAPI)
  .\Bin\ODAPI.obj (ODAPI)
  .\Bin\HDCPAPI.obj (HDCPAPI)
  .\Bin\HDCP.obj (HDCP)
  .\Bin\OSDIndex2.obj (OSDINDEX2)
  .\Bin\OD.obj (OD)
  .\Bin\OSDView2.obj (OSDVIEW2)
  .\Lib\fe2p_large_3.13.LIB (FE2P)
  D:\KEIL_V5\C51\LIB\C51FPL.LIB (?C?FPADD)
  D:\KEIL_V5\C51\LIB\C51FPL.LIB (?C?FPMUL)
  D:\KEIL_V5\C51\LIB\C51FPL.LIB (?C?FPDIV)
  D:\KEIL_V5\C51\LIB\C51FPL.LIB (?C?FPCMP)
  D:\KEIL_V5\C51\LIB\C51FPL.LIB (?C?FCAST)
  D:\KEIL_V5\C51\LIB\C51FPL.LIB (?C?CASTF)
  D:\KEIL_V5\C51\LIB\C51FPL.LIB (PRINTF)
  D:\KEIL_V5\C51\LIB\C51FPL.LIB (?C?FPGETOPN)
  D:\KEIL_V5\C51\LIB\C51FPL.LIB (?C?FPROUND)
  D:\KEIL_V5\C51\LIB\C51FPL.LIB (?C?FPCONVERT)
  D:\KEIL_V5\C51\LIB\C51FPL.LIB (?C?FTNPWR)
  D:\KEIL_V5\C51\LIB\C51L.LIB (?C_INIT)
  D:\KEIL_V5\C51\LIB\C51L.LIB (?C?COPY)
  D:\KEIL_V5\C51\LIB\C51L.LIB (?C?CLDPTR)
  D:\KEIL_V5\C51\LIB\C51L.LIB (?C?CLDOPTR)
  D:\KEIL_V5\C51\LIB\C51L.LIB (?C?CILDPTR)
  D:\KEIL_V5\C51\LIB\C51L.LIB (?C?CSTPTR)
  D:\KEIL_V5\C51\LIB\C51L.LIB (?C?CSTOPTR)
BL51 BANKED LINKER/LOCATER V6.22                                                      01/06/2017  14:57:29  PAGE 4


  D:\KEIL_V5\C51\LIB\C51L.LIB (?C?IMUL)
  D:\KEIL_V5\C51\LIB\C51L.LIB (?C?UIDIV)
  D:\KEIL_V5\C51\LIB\C51L.LIB (?C?SIDIV)
  D:\KEIL_V5\C51\LIB\C51L.LIB (?C?IILDX)
  D:\KEIL_V5\C51\LIB\C51L.LIB (?C?ILDIX)
  D:\KEIL_V5\C51\LIB\C51L.LIB (?C?ILDPTR)
  D:\KEIL_V5\C51\LIB\C51L.LIB (?C?ILDOPTR)
  D:\KEIL_V5\C51\LIB\C51L.LIB (?C?ISTPTR)
  D:\KEIL_V5\C51\LIB\C51L.LIB (?C?ISTOPTR)
  D:\KEIL_V5\C51\LIB\C51L.LIB (?C?LMUL)
  D:\KEIL_V5\C51\LIB\C51L.LIB (?C?ULDIV)
  D:\KEIL_V5\C51\LIB\C51L.LIB (?C?LNEG)
  D:\KEIL_V5\C51\LIB\C51L.LIB (?C?SLCMP)
  D:\KEIL_V5\C51\LIB\C51L.LIB (?C?ULCMP)
  D:\KEIL_V5\C51\LIB\C51L.LIB (?C?ULSHR)
  D:\KEIL_V5\C51\LIB\C51L.LIB (?C?SLSHR)
  D:\KEIL_V5\C51\LIB\C51L.LIB (?C?LSHL)
  D:\KEIL_V5\C51\LIB\C51L.LIB (?C?LLDPTR)
  D:\KEIL_V5\C51\LIB\C51L.LIB (?C?LLDXDATA)
  D:\KEIL_V5\C51\LIB\C51L.LIB (?C?LSTXDATA)
  D:\KEIL_V5\C51\LIB\C51L.LIB (?C?LSTKXDATA)
  D:\KEIL_V5\C51\LIB\C51L.LIB (?C?OFFX256)
  D:\KEIL_V5\C51\LIB\C51L.LIB (?C?OFFXADD)
  D:\KEIL_V5\C51\LIB\C51L.LIB (?C?PLDXDATA)
  D:\KEIL_V5\C51\LIB\C51L.LIB (?C?PLDIXDATA)
  D:\KEIL_V5\C51\LIB\C51L.LIB (?C?PSTXDATA)
  D:\KEIL_V5\C51\LIB\C51L.LIB (?C?PLDPTR)
  D:\KEIL_V5\C51\LIB\C51L.LIB (?C?PLDOPTR)
  D:\KEIL_V5\C51\LIB\C51L.LIB (?C?CCASE)
  D:\KEIL_V5\C51\LIB\C51L.LIB (?C?ICASE)
  D:\KEIL_V5\C51\LIB\C51L.LIB (?C?ICALL)
  D:\KEIL_V5\C51\LIB\C51L.LIB (?C?LIMUL)
  D:\KEIL_V5\C51\LIB\C51L.LIB (ABS)
  D:\KEIL_V5\C51\LIB\C51L.LIB (LABS)
  D:\KEIL_V5\C51\LIB\C51L.LIB (?C?LLDIDATA)
  D:\KEIL_V5\C51\LIB\C51L.LIB (?C?LLDPDATA)
  D:\KEIL_V5\C51\LIB\C51L.LIB (?C?LLDCODE)
  D:\KEIL_V5\C51\LIB\C51L.LIB (?C?PLDIDATA)
  D:\KEIL_V5\C51\LIB\C51L.LIB (?C?PLDPDATA)
  D:\KEIL_V5\C51\LIB\C51L.LIB (?C?PLDCODE)


LINK MAP OF MODULE:  .\Bin\NT68875_ (MAIN)


            TYPE    BASE      LENGTH    RELOCATION   SEGMENT NAME
            -----------------------------------------------------

            * * * * * * *   D A T A   M E M O R Y   * * * * * * *
            REG     0000H     0008H     ABSOLUTE     "REG BANK 0"
            REG     0008H     0008H     ABSOLUTE     "REG BANK 1"
            REG     0010H     0008H     ABSOLUTE     "REG BANK 2"
            REG     0018H     0008H     ABSOLUTE     "REG BANK 3"
            BIT     0020H.0   0001H.3   UNIT         _BIT_GROUP_
            BIT     0021H.3   0000H.5   UNIT         ?BI?COLORCONFIG
            BIT     0022H.0   0000H.5   UNIT         ?BI?OSDVIEW2
            BIT     0022H.5   0000H.3   UNIT         ?BI?OSDVIEW
BL51 BANKED LINKER/LOCATER V6.22                                                      01/06/2017  14:57:29  PAGE 5


            BIT     0023H.0   0000H.2   UNIT         ?BI?AUTOADJ
            BIT     0023H.2   0000H.2   UNIT         ?BI?SCALER_HDMI
            BIT     0023H.4   0000H.2   UNIT         ?BI?SCALER_POWER
            BIT     0023H.6   0000H.2   UNIT         ?BI?SCALER_TMDS
            BIT     0024H.0   0000H.2   UNIT         ?BI?DBC
            BIT     0024H.2   0000H.2   UNIT         ?BI?SCALER_DP
            BIT     0024H.4   0000H.1   UNIT         ?BI?INT
            BIT     0024H.5   0000H.1   UNIT         ?BI?SYNCHANDLER
            BIT     0024H.6   0000H.1   UNIT         ?BI?SYSAPI
            BIT     0024H.7   0000H.1   UNIT         ?BI?MCU
            BIT     0025H.0   0000H.1   UNIT         ?BI?RAM
            BIT     0025H.1   0000H.1   UNIT         ?BI?FE2P_API
            BIT     0025H.2   0000H.1   UNIT         ?BI?_OSDSHOWTOPPAGEICON?OSDVIEW
            BIT     0025H.3   0000H.1   UNIT         ?BI?_OSDCLEARLAYER4BYITEM?OSDVIEW
            BIT     0025H.4   0000H.1   UNIT         ?BI?APPCTRL
            BIT     0025H.5   0000H.1   UNIT         ?BI?DCR_SETDYMACE
            BIT     0025H.6   0000H.1   UNIT         ?BI?OSDRESETSMARTREMIDERTIMER?OSDCTRL
            BIT     0025H.7   0000H.1   UNIT         ?BI?OSDCTRL
            BIT     0026H.0   0000H.1   UNIT         ?BI?DDCCI
            BIT     0026H.1   0000H.1   UNIT         ?BI?_OSDUNSELECTDIALOGITEM?OSDVIEW2
            BIT     0026H.2   0000H.1   UNIT         ?BI?_OSDUNSELECTLAYER1ITEM?OSDVIEW2
            BIT     0026H.3   0000H.1   UNIT         ?BI?_OSDUNSELECTLAYER3ITEM?OSDVIEW2
            BIT     0026H.4   0000H.1   UNIT         ?BI?_OSDUNSELECTLAYER4ITEM?OSDVIEW2
            BIT     0026H.5   0000H.1   UNIT         ?BI?_GETCUSTOMEKEYSTATE?OSDVIEW2
            BIT     0026H.6   0000H.1   UNIT         ?BI?_OSDSHOWTOPPAGESTRING?OSDVIEW2
                    0026H.7   0000H.1                *** GAP ***
            DATA    0027H     0012H     UNIT         _DATA_GROUP_
            DATA    0039H     0002H     UNIT         ?DT?MISC
            IDATA   003BH     000AH     UNIT         ?ID?OSDAPI_INDENT
            IDATA   0045H     0008H     UNIT         ?ID?INT
            IDATA   004DH     0007H     UNIT         ?ID?DDCCI
            IDATA   0054H     0006H     UNIT         _IDATA_GROUP_
            IDATA   005AH     0001H     UNIT         ?STACK

            * * * * * * *  X D A T A   M E M O R Y  * * * * * * *
                    0000H     089DH                  *** GAP ***
            XDATA   089DH     0001H     ABSOLUTE     
                    089EH     7762H                  *** GAP ***
            XDATA   8000H     0001H     ABSOLUTE     
            XDATA   8001H     0001H     ABSOLUTE     
            XDATA   8002H     0001H     ABSOLUTE     
            XDATA   8003H     0001H     ABSOLUTE     
            XDATA   8004H     0001H     ABSOLUTE     
            XDATA   8005H     0001H     ABSOLUTE     
            XDATA   8006H     0001H     ABSOLUTE     
            XDATA   8007H     0001H     ABSOLUTE     
            XDATA   8008H     0001H     ABSOLUTE     
            XDATA   8009H     0001H     ABSOLUTE     
            XDATA   800AH     0001H     ABSOLUTE     
            XDATA   800BH     0001H     ABSOLUTE     
            XDATA   800CH     0001H     ABSOLUTE     
            XDATA   800DH     0001H     ABSOLUTE     
            XDATA   800EH     0001H     ABSOLUTE     
            XDATA   800FH     0001H     ABSOLUTE     
            XDATA   8010H     0001H     ABSOLUTE     
            XDATA   8011H     0001H     ABSOLUTE     
            XDATA   8012H     0001H     ABSOLUTE     
BL51 BANKED LINKER/LOCATER V6.22                                                      01/06/2017  14:57:29  PAGE 6


            XDATA   8013H     0001H     ABSOLUTE     
            XDATA   8014H     0001H     ABSOLUTE     
            XDATA   8015H     0001H     ABSOLUTE     
            XDATA   8016H     0001H     ABSOLUTE     
                    8017H     0007H                  *** GAP ***
            XDATA   801EH     0001H     ABSOLUTE     
            XDATA   801FH     0001H     ABSOLUTE     
            XDATA   8020H     0001H     ABSOLUTE     
            XDATA   8021H     0001H     ABSOLUTE     
            XDATA   8022H     0001H     ABSOLUTE     
            XDATA   8023H     0001H     ABSOLUTE     
            XDATA   8024H     0001H     ABSOLUTE     
            XDATA   8025H     0001H     ABSOLUTE     
            XDATA   8026H     0001H     ABSOLUTE     
            XDATA   8027H     0001H     ABSOLUTE     
            XDATA   8028H     0001H     ABSOLUTE     
            XDATA   8029H     0001H     ABSOLUTE     
            XDATA   802AH     0001H     ABSOLUTE     
            XDATA   802BH     0001H     ABSOLUTE     
            XDATA   802CH     0001H     ABSOLUTE     
            XDATA   802DH     0001H     ABSOLUTE     
            XDATA   802EH     0001H     ABSOLUTE     
            XDATA   802FH     0001H     ABSOLUTE     
            XDATA   8030H     0001H     ABSOLUTE     
            XDATA   8031H     0001H     ABSOLUTE     
            XDATA   8032H     0001H     ABSOLUTE     
            XDATA   8033H     0001H     ABSOLUTE     
            XDATA   8034H     0001H     ABSOLUTE     
            XDATA   8035H     0001H     ABSOLUTE     
            XDATA   8036H     0001H     ABSOLUTE     
            XDATA   8037H     0001H     ABSOLUTE     
            XDATA   8038H     0001H     ABSOLUTE     
            XDATA   8039H     0001H     ABSOLUTE     
                    803AH     0002H                  *** GAP ***
            XDATA   803CH     0001H     ABSOLUTE     
            XDATA   803DH     0001H     ABSOLUTE     
            XDATA   803EH     0001H     ABSOLUTE     
            XDATA   803FH     0001H     ABSOLUTE     
            XDATA   8040H     0001H     ABSOLUTE     
            XDATA   8041H     0001H     ABSOLUTE     
            XDATA   8042H     0001H     ABSOLUTE     
            XDATA   8043H     0001H     ABSOLUTE     
            XDATA   8044H     0001H     ABSOLUTE     
            XDATA   8045H     0001H     ABSOLUTE     
            XDATA   8046H     0001H     ABSOLUTE     
            XDATA   8047H     0001H     ABSOLUTE     
            XDATA   8048H     0001H     ABSOLUTE     
            XDATA   8049H     0001H     ABSOLUTE     
            XDATA   804AH     0001H     ABSOLUTE     
            XDATA   804BH     0001H     ABSOLUTE     
            XDATA   804CH     0001H     ABSOLUTE     
            XDATA   804DH     0001H     ABSOLUTE     
            XDATA   804EH     0001H     ABSOLUTE     
            XDATA   804FH     0001H     ABSOLUTE     
            XDATA   8050H     0001H     ABSOLUTE     
            XDATA   8051H     0001H     ABSOLUTE     
            XDATA   8052H     0001H     ABSOLUTE     
BL51 BANKED LINKER/LOCATER V6.22                                                      01/06/2017  14:57:29  PAGE 7


            XDATA   8053H     0001H     ABSOLUTE     
            XDATA   8054H     0001H     ABSOLUTE     
            XDATA   8055H     0001H     ABSOLUTE     
            XDATA   8056H     0001H     ABSOLUTE     
            XDATA   8057H     0001H     ABSOLUTE     
            XDATA   8058H     0001H     ABSOLUTE     
            XDATA   8059H     0001H     ABSOLUTE     
            XDATA   805AH     0001H     ABSOLUTE     
            XDATA   805BH     0001H     ABSOLUTE     
            XDATA   805CH     0001H     ABSOLUTE     
            XDATA   805DH     0001H     ABSOLUTE     
            XDATA   805EH     0001H     ABSOLUTE     
            XDATA   805FH     0001H     ABSOLUTE     
            XDATA   8060H     0001H     ABSOLUTE     
            XDATA   8061H     0001H     ABSOLUTE     
                    8062H     0002H                  *** GAP ***
            XDATA   8064H     0001H     ABSOLUTE     
            XDATA   8065H     0001H     ABSOLUTE     
            XDATA   8066H     0001H     ABSOLUTE     
            XDATA   8067H     0001H     ABSOLUTE     
            XDATA   8068H     0001H     ABSOLUTE     
            XDATA   8069H     0001H     ABSOLUTE     
            XDATA   806AH     0001H     ABSOLUTE     
            XDATA   806BH     0001H     ABSOLUTE     
            XDATA   806CH     0001H     ABSOLUTE     
            XDATA   806DH     0001H     ABSOLUTE     
            XDATA   806EH     0001H     ABSOLUTE     
            XDATA   806FH     0001H     ABSOLUTE     
            XDATA   8070H     0001H     ABSOLUTE     
                    8071H     0001H                  *** GAP ***
            XDATA   8072H     0001H     ABSOLUTE     
                    8073H     000DH                  *** GAP ***
            XDATA   8080H     0001H     ABSOLUTE     
            XDATA   8081H     0001H     ABSOLUTE     
            XDATA   8082H     0001H     ABSOLUTE     
            XDATA   8083H     0001H     ABSOLUTE     
            XDATA   8084H     0001H     ABSOLUTE     
            XDATA   8085H     0001H     ABSOLUTE     
            XDATA   8086H     0001H     ABSOLUTE     
            XDATA   8087H     0001H     ABSOLUTE     
            XDATA   8088H     0001H     ABSOLUTE     
            XDATA   8089H     0001H     ABSOLUTE     
            XDATA   808AH     0001H     ABSOLUTE     
            XDATA   808BH     0001H     ABSOLUTE     
            XDATA   808CH     0001H     ABSOLUTE     
            XDATA   808DH     0001H     ABSOLUTE     
            XDATA   808EH     0001H     ABSOLUTE     
            XDATA   808FH     0001H     ABSOLUTE     
            XDATA   8090H     0001H     ABSOLUTE     
            XDATA   8091H     0001H     ABSOLUTE     
            XDATA   8092H     0001H     ABSOLUTE     
            XDATA   8093H     0001H     ABSOLUTE     
            XDATA   8094H     0001H     ABSOLUTE     
            XDATA   8095H     0001H     ABSOLUTE     
            XDATA   8096H     0001H     ABSOLUTE     
            XDATA   8097H     0001H     ABSOLUTE     
            XDATA   8098H     0001H     ABSOLUTE     
BL51 BANKED LINKER/LOCATER V6.22                                                      01/06/2017  14:57:29  PAGE 8


            XDATA   8099H     0001H     ABSOLUTE     
            XDATA   809AH     0001H     ABSOLUTE     
            XDATA   809BH     0001H     ABSOLUTE     
            XDATA   809CH     0001H     ABSOLUTE     
            XDATA   809DH     0001H     ABSOLUTE     
            XDATA   809EH     0001H     ABSOLUTE     
            XDATA   809FH     0001H     ABSOLUTE     
            XDATA   80A0H     0001H     ABSOLUTE     
            XDATA   80A1H     0001H     ABSOLUTE     
            XDATA   80A2H     0001H     ABSOLUTE     
                    80A3H     0002H                  *** GAP ***
            XDATA   80A5H     0001H     ABSOLUTE     
                    80A6H     0004H                  *** GAP ***
            XDATA   80AAH     0001H     ABSOLUTE     
            XDATA   80ABH     0001H     ABSOLUTE     
                    80ACH     0001H                  *** GAP ***
            XDATA   80ADH     0001H     ABSOLUTE     
            XDATA   80AEH     0001H     ABSOLUTE     
            XDATA   80AFH     0001H     ABSOLUTE     
            XDATA   80B0H     0001H     ABSOLUTE     
            XDATA   80B1H     0001H     ABSOLUTE     
            XDATA   80B2H     0001H     ABSOLUTE     
            XDATA   80B3H     0001H     ABSOLUTE     
            XDATA   80B4H     0001H     ABSOLUTE     
            XDATA   80B5H     0001H     ABSOLUTE     
            XDATA   80B6H     0001H     ABSOLUTE     
            XDATA   80B7H     0001H     ABSOLUTE     
            XDATA   80B8H     0001H     ABSOLUTE     
            XDATA   80B9H     0001H     ABSOLUTE     
            XDATA   80BAH     0001H     ABSOLUTE     
            XDATA   80BBH     0001H     ABSOLUTE     
            XDATA   80BCH     0001H     ABSOLUTE     
            XDATA   80BDH     0001H     ABSOLUTE     
            XDATA   80BEH     0001H     ABSOLUTE     
            XDATA   80BFH     0001H     ABSOLUTE     
            XDATA   80C0H     0001H     ABSOLUTE     
            XDATA   80C1H     0001H     ABSOLUTE     
            XDATA   80C2H     0001H     ABSOLUTE     
            XDATA   80C3H     0001H     ABSOLUTE     
            XDATA   80C4H     0001H     ABSOLUTE     
            XDATA   80C5H     0001H     ABSOLUTE     
            XDATA   80C6H     0001H     ABSOLUTE     
            XDATA   80C7H     0001H     ABSOLUTE     
            XDATA   80C8H     0001H     ABSOLUTE     
            XDATA   80C9H     0001H     ABSOLUTE     
            XDATA   80CAH     0001H     ABSOLUTE     
            XDATA   80CBH     0001H     ABSOLUTE     
            XDATA   80CCH     0001H     ABSOLUTE     
            XDATA   80CDH     0001H     ABSOLUTE     
            XDATA   80CEH     0001H     ABSOLUTE     
            XDATA   80CFH     0001H     ABSOLUTE     
            XDATA   80D0H     0001H     ABSOLUTE     
            XDATA   80D1H     0001H     ABSOLUTE     
            XDATA   80D2H     0001H     ABSOLUTE     
            XDATA   80D3H     0001H     ABSOLUTE     
            XDATA   80D4H     0001H     ABSOLUTE     
            XDATA   80D5H     0001H     ABSOLUTE     
BL51 BANKED LINKER/LOCATER V6.22                                                      01/06/2017  14:57:29  PAGE 9


            XDATA   80D6H     0001H     ABSOLUTE     
            XDATA   80D7H     0001H     ABSOLUTE     
            XDATA   80D8H     0001H     ABSOLUTE     
            XDATA   80D9H     0001H     ABSOLUTE     
            XDATA   80DAH     0001H     ABSOLUTE     
            XDATA   80DBH     0001H     ABSOLUTE     
            XDATA   80DCH     0001H     ABSOLUTE     
            XDATA   80DDH     0001H     ABSOLUTE     
            XDATA   80DEH     0001H     ABSOLUTE     
            XDATA   80DFH     0001H     ABSOLUTE     
            XDATA   80E0H     0001H     ABSOLUTE     
            XDATA   80E1H     0001H     ABSOLUTE     
            XDATA   80E2H     0001H     ABSOLUTE     
            XDATA   80E3H     0001H     ABSOLUTE     
            XDATA   80E4H     0001H     ABSOLUTE     
                    80E5H     0001H                  *** GAP ***
            XDATA   80E6H     0001H     ABSOLUTE     
            XDATA   80E7H     0001H     ABSOLUTE     
            XDATA   80E8H     0001H     ABSOLUTE     
            XDATA   80E9H     0001H     ABSOLUTE     
            XDATA   80EAH     0001H     ABSOLUTE     
            XDATA   80EBH     0001H     ABSOLUTE     
            XDATA   80ECH     0001H     ABSOLUTE     
            XDATA   80EDH     0001H     ABSOLUTE     
            XDATA   80EEH     0001H     ABSOLUTE     
            XDATA   80EFH     0001H     ABSOLUTE     
            XDATA   80F0H     0001H     ABSOLUTE     
            XDATA   80F1H     0001H     ABSOLUTE     
            XDATA   80F2H     0001H     ABSOLUTE     
            XDATA   80F3H     0001H     ABSOLUTE     
            XDATA   80F4H     0001H     ABSOLUTE     
            XDATA   80F5H     0001H     ABSOLUTE     
                    80F6H     0001H                  *** GAP ***
            XDATA   80F7H     0001H     ABSOLUTE     
            XDATA   80F8H     0001H     ABSOLUTE     
            XDATA   80F9H     0001H     ABSOLUTE     
            XDATA   80FAH     0001H     ABSOLUTE     
            XDATA   80FBH     0001H     ABSOLUTE     
            XDATA   80FCH     0001H     ABSOLUTE     
            XDATA   80FDH     0001H     ABSOLUTE     
                    80FEH     0001H                  *** GAP ***
            XDATA   80FFH     0001H     ABSOLUTE     
            XDATA   8100H     0001H     ABSOLUTE     
            XDATA   8101H     0001H     ABSOLUTE     
            XDATA   8102H     0001H     ABSOLUTE     
            XDATA   8103H     0001H     ABSOLUTE     
            XDATA   8104H     0001H     ABSOLUTE     
            XDATA   8105H     0001H     ABSOLUTE     
            XDATA   8106H     0001H     ABSOLUTE     
            XDATA   8107H     0001H     ABSOLUTE     
            XDATA   8108H     0001H     ABSOLUTE     
            XDATA   8109H     0001H     ABSOLUTE     
            XDATA   810AH     0001H     ABSOLUTE     
            XDATA   810BH     0001H     ABSOLUTE     
            XDATA   810CH     0001H     ABSOLUTE     
            XDATA   810DH     0001H     ABSOLUTE     
            XDATA   810EH     0001H     ABSOLUTE     
BL51 BANKED LINKER/LOCATER V6.22                                                      01/06/2017  14:57:29  PAGE 10


            XDATA   810FH     0001H     ABSOLUTE     
            XDATA   8110H     0001H     ABSOLUTE     
            XDATA   8111H     0001H     ABSOLUTE     
            XDATA   8112H     0001H     ABSOLUTE     
            XDATA   8113H     0001H     ABSOLUTE     
            XDATA   8114H     0001H     ABSOLUTE     
            XDATA   8115H     0001H     ABSOLUTE     
            XDATA   8116H     0001H     ABSOLUTE     
            XDATA   8117H     0001H     ABSOLUTE     
            XDATA   8118H     0001H     ABSOLUTE     
            XDATA   8119H     0001H     ABSOLUTE     
                    811AH     0001H                  *** GAP ***
            XDATA   811BH     0001H     ABSOLUTE     
                    811CH     0002H                  *** GAP ***
            XDATA   811EH     0001H     ABSOLUTE     
            XDATA   811FH     0001H     ABSOLUTE     
            XDATA   8120H     0001H     ABSOLUTE     
            XDATA   8121H     0001H     ABSOLUTE     
            XDATA   8122H     0001H     ABSOLUTE     
            XDATA   8123H     0001H     ABSOLUTE     
            XDATA   8124H     0001H     ABSOLUTE     
            XDATA   8125H     0001H     ABSOLUTE     
            XDATA   8126H     0001H     ABSOLUTE     
            XDATA   8127H     0001H     ABSOLUTE     
            XDATA   8128H     0001H     ABSOLUTE     
                    8129H     0002H                  *** GAP ***
            XDATA   812BH     0001H     ABSOLUTE     
            XDATA   812CH     0001H     ABSOLUTE     
            XDATA   812DH     0001H     ABSOLUTE     
            XDATA   812EH     0001H     ABSOLUTE     
            XDATA   812FH     0001H     ABSOLUTE     
            XDATA   8130H     0001H     ABSOLUTE     
            XDATA   8131H     0001H     ABSOLUTE     
            XDATA   8132H     0001H     ABSOLUTE     
            XDATA   8133H     0001H     ABSOLUTE     
            XDATA   8134H     0001H     ABSOLUTE     
            XDATA   8135H     0001H     ABSOLUTE     
            XDATA   8136H     0001H     ABSOLUTE     
            XDATA   8137H     0001H     ABSOLUTE     
            XDATA   8138H     0001H     ABSOLUTE     
            XDATA   8139H     0001H     ABSOLUTE     
            XDATA   813AH     0001H     ABSOLUTE     
            XDATA   813BH     0001H     ABSOLUTE     
                    813CH     000EH                  *** GAP ***
            XDATA   814AH     0001H     ABSOLUTE     
            XDATA   814BH     0001H     ABSOLUTE     
            XDATA   814CH     0001H     ABSOLUTE     
            XDATA   814DH     0001H     ABSOLUTE     
            XDATA   814EH     0001H     ABSOLUTE     
            XDATA   814FH     0001H     ABSOLUTE     
            XDATA   8150H     0001H     ABSOLUTE     
            XDATA   8151H     0001H     ABSOLUTE     
            XDATA   8152H     0001H     ABSOLUTE     
            XDATA   8153H     0001H     ABSOLUTE     
            XDATA   8154H     0001H     ABSOLUTE     
            XDATA   8155H     0001H     ABSOLUTE     
            XDATA   8156H     0001H     ABSOLUTE     
BL51 BANKED LINKER/LOCATER V6.22                                                      01/06/2017  14:57:29  PAGE 11


            XDATA   8157H     0001H     ABSOLUTE     
            XDATA   8158H     0001H     ABSOLUTE     
            XDATA   8159H     0001H     ABSOLUTE     
            XDATA   815AH     0001H     ABSOLUTE     
            XDATA   815BH     0001H     ABSOLUTE     
            XDATA   815CH     0001H     ABSOLUTE     
            XDATA   815DH     0001H     ABSOLUTE     
            XDATA   815EH     0001H     ABSOLUTE     
            XDATA   815FH     0001H     ABSOLUTE     
            XDATA   8160H     0001H     ABSOLUTE     
            XDATA   8161H     0001H     ABSOLUTE     
            XDATA   8162H     0001H     ABSOLUTE     
            XDATA   8163H     0001H     ABSOLUTE     
            XDATA   8164H     0001H     ABSOLUTE     
            XDATA   8165H     0001H     ABSOLUTE     
            XDATA   8166H     0001H     ABSOLUTE     
            XDATA   8167H     0001H     ABSOLUTE     
            XDATA   8168H     0001H     ABSOLUTE     
            XDATA   8169H     0001H     ABSOLUTE     
            XDATA   816AH     0001H     ABSOLUTE     
            XDATA   816BH     0001H     ABSOLUTE     
            XDATA   816CH     0001H     ABSOLUTE     
            XDATA   816DH     0001H     ABSOLUTE     
            XDATA   816EH     0001H     ABSOLUTE     
            XDATA   816FH     0001H     ABSOLUTE     
            XDATA   8170H     0001H     ABSOLUTE     
            XDATA   8171H     0001H     ABSOLUTE     
            XDATA   8172H     0001H     ABSOLUTE     
            XDATA   8173H     0001H     ABSOLUTE     
            XDATA   8174H     0001H     ABSOLUTE     
            XDATA   8175H     0001H     ABSOLUTE     
            XDATA   8176H     0001H     ABSOLUTE     
            XDATA   8177H     0001H     ABSOLUTE     
            XDATA   8178H     0001H     ABSOLUTE     
            XDATA   8179H     0001H     ABSOLUTE     
            XDATA   817AH     0001H     ABSOLUTE     
                    817BH     0003H                  *** GAP ***
            XDATA   817EH     0001H     ABSOLUTE     
                    817FH     0003H                  *** GAP ***
            XDATA   8182H     0001H     ABSOLUTE     
            XDATA   8183H     0001H     ABSOLUTE     
            XDATA   8184H     0001H     ABSOLUTE     
            XDATA   8185H     0001H     ABSOLUTE     
            XDATA   8186H     0001H     ABSOLUTE     
            XDATA   8187H     0001H     ABSOLUTE     
            XDATA   8188H     0001H     ABSOLUTE     
            XDATA   8189H     0001H     ABSOLUTE     
            XDATA   818AH     0001H     ABSOLUTE     
            XDATA   818BH     0001H     ABSOLUTE     
                    818CH     0001H                  *** GAP ***
            XDATA   818DH     0001H     ABSOLUTE     
            XDATA   818EH     0001H     ABSOLUTE     
            XDATA   818FH     0001H     ABSOLUTE     
            XDATA   8190H     0001H     ABSOLUTE     
            XDATA   8191H     0001H     ABSOLUTE     
                    8192H     0004H                  *** GAP ***
            XDATA   8196H     0001H     ABSOLUTE     
BL51 BANKED LINKER/LOCATER V6.22                                                      01/06/2017  14:57:29  PAGE 12


            XDATA   8197H     0001H     ABSOLUTE     
            XDATA   8198H     0001H     ABSOLUTE     
            XDATA   8199H     0001H     ABSOLUTE     
            XDATA   819AH     0001H     ABSOLUTE     
            XDATA   819BH     0001H     ABSOLUTE     
            XDATA   819CH     0001H     ABSOLUTE     
            XDATA   819DH     0001H     ABSOLUTE     
            XDATA   819EH     0001H     ABSOLUTE     
            XDATA   819FH     0001H     ABSOLUTE     
            XDATA   81A0H     0001H     ABSOLUTE     
            XDATA   81A1H     0001H     ABSOLUTE     
            XDATA   81A2H     0001H     ABSOLUTE     
            XDATA   81A3H     0001H     ABSOLUTE     
            XDATA   81A4H     0001H     ABSOLUTE     
            XDATA   81A5H     0001H     ABSOLUTE     
            XDATA   81A6H     0001H     ABSOLUTE     
            XDATA   81A7H     0001H     ABSOLUTE     
            XDATA   81A8H     0001H     ABSOLUTE     
            XDATA   81A9H     0001H     ABSOLUTE     
            XDATA   81AAH     0001H     ABSOLUTE     
            XDATA   81ABH     0001H     ABSOLUTE     
            XDATA   81ACH     0001H     ABSOLUTE     
            XDATA   81ADH     0001H     ABSOLUTE     
            XDATA   81AEH     0001H     ABSOLUTE     
            XDATA   81AFH     0001H     ABSOLUTE     
            XDATA   81B0H     0001H     ABSOLUTE     
            XDATA   81B1H     0001H     ABSOLUTE     
            XDATA   81B2H     0001H     ABSOLUTE     
            XDATA   81B3H     0001H     ABSOLUTE     
            XDATA   81B4H     0001H     ABSOLUTE     
            XDATA   81B5H     0001H     ABSOLUTE     
            XDATA   81B6H     0001H     ABSOLUTE     
                    81B7H     0001H                  *** GAP ***
            XDATA   81B8H     0001H     ABSOLUTE     
            XDATA   81B9H     0001H     ABSOLUTE     
            XDATA   81BAH     0001H     ABSOLUTE     
            XDATA   81BBH     0001H     ABSOLUTE     
            XDATA   81BCH     0001H     ABSOLUTE     
            XDATA   81BDH     0001H     ABSOLUTE     
            XDATA   81BEH     0001H     ABSOLUTE     
            XDATA   81BFH     0001H     ABSOLUTE     
            XDATA   81C0H     0001H     ABSOLUTE     
            XDATA   81C1H     0001H     ABSOLUTE     
            XDATA   81C2H     0001H     ABSOLUTE     
            XDATA   81C3H     0001H     ABSOLUTE     
            XDATA   81C4H     0001H     ABSOLUTE     
            XDATA   81C5H     0001H     ABSOLUTE     
            XDATA   81C6H     0001H     ABSOLUTE     
            XDATA   81C7H     0001H     ABSOLUTE     
            XDATA   81C8H     0001H     ABSOLUTE     
            XDATA   81C9H     0001H     ABSOLUTE     
            XDATA   81CAH     0001H     ABSOLUTE     
            XDATA   81CBH     0001H     ABSOLUTE     
            XDATA   81CCH     0001H     ABSOLUTE     
            XDATA   81CDH     0001H     ABSOLUTE     
            XDATA   81CEH     0001H     ABSOLUTE     
            XDATA   81CFH     0001H     ABSOLUTE     
BL51 BANKED LINKER/LOCATER V6.22                                                      01/06/2017  14:57:29  PAGE 13


            XDATA   81D0H     0001H     ABSOLUTE     
            XDATA   81D1H     0001H     ABSOLUTE     
            XDATA   81D2H     0001H     ABSOLUTE     
            XDATA   81D3H     0001H     ABSOLUTE     
            XDATA   81D4H     0001H     ABSOLUTE     
            XDATA   81D5H     0001H     ABSOLUTE     
            XDATA   81D6H     0001H     ABSOLUTE     
            XDATA   81D7H     0001H     ABSOLUTE     
            XDATA   81D8H     0001H     ABSOLUTE     
            XDATA   81D9H     0001H     ABSOLUTE     
            XDATA   81DAH     0001H     ABSOLUTE     
            XDATA   81DBH     0001H     ABSOLUTE     
            XDATA   81DCH     0001H     ABSOLUTE     
            XDATA   81DDH     0001H     ABSOLUTE     
            XDATA   81DEH     0001H     ABSOLUTE     
            XDATA   81DFH     0001H     ABSOLUTE     
            XDATA   81E0H     0001H     ABSOLUTE     
            XDATA   81E1H     0001H     ABSOLUTE     
            XDATA   81E2H     0001H     ABSOLUTE     
            XDATA   81E3H     0001H     ABSOLUTE     
            XDATA   81E4H     0001H     ABSOLUTE     
            XDATA   81E5H     0001H     ABSOLUTE     
            XDATA   81E6H     0001H     ABSOLUTE     
            XDATA   81E7H     0001H     ABSOLUTE     
            XDATA   81E8H     0001H     ABSOLUTE     
            XDATA   81E9H     0001H     ABSOLUTE     
            XDATA   81EAH     0001H     ABSOLUTE     
            XDATA   81EBH     0001H     ABSOLUTE     
            XDATA   81ECH     0001H     ABSOLUTE     
            XDATA   81EDH     0001H     ABSOLUTE     
            XDATA   81EEH     0001H     ABSOLUTE     
            XDATA   81EFH     0001H     ABSOLUTE     
            XDATA   81F0H     0001H     ABSOLUTE     
            XDATA   81F1H     0001H     ABSOLUTE     
            XDATA   81F2H     0001H     ABSOLUTE     
            XDATA   81F3H     0001H     ABSOLUTE     
            XDATA   81F4H     0001H     ABSOLUTE     
            XDATA   81F5H     0001H     ABSOLUTE     
            XDATA   81F6H     0001H     ABSOLUTE     
            XDATA   81F7H     0001H     ABSOLUTE     
            XDATA   81F8H     0001H     ABSOLUTE     
            XDATA   81F9H     0001H     ABSOLUTE     
            XDATA   81FAH     0001H     ABSOLUTE     
            XDATA   81FBH     0001H     ABSOLUTE     
            XDATA   81FCH     0001H     ABSOLUTE     
            XDATA   81FDH     0001H     ABSOLUTE     
            XDATA   81FEH     0001H     ABSOLUTE     
                    81FFH     0001H                  *** GAP ***
            XDATA   8200H     0001H     ABSOLUTE     
            XDATA   8201H     0001H     ABSOLUTE     
            XDATA   8202H     0001H     ABSOLUTE     
            XDATA   8203H     0001H     ABSOLUTE     
            XDATA   8204H     0001H     ABSOLUTE     
            XDATA   8205H     0001H     ABSOLUTE     
            XDATA   8206H     0001H     ABSOLUTE     
            XDATA   8207H     0001H     ABSOLUTE     
            XDATA   8208H     0001H     ABSOLUTE     
BL51 BANKED LINKER/LOCATER V6.22                                                      01/06/2017  14:57:29  PAGE 14


            XDATA   8209H     0001H     ABSOLUTE     
            XDATA   820AH     0001H     ABSOLUTE     
            XDATA   820BH     0001H     ABSOLUTE     
            XDATA   820CH     0001H     ABSOLUTE     
            XDATA   820DH     0001H     ABSOLUTE     
            XDATA   820EH     0001H     ABSOLUTE     
            XDATA   820FH     0001H     ABSOLUTE     
                    8210H     0070H                  *** GAP ***
            XDATA   8280H     0001H     ABSOLUTE     
            XDATA   8281H     0001H     ABSOLUTE     
            XDATA   8282H     0001H     ABSOLUTE     
            XDATA   8283H     0001H     ABSOLUTE     
            XDATA   8284H     0001H     ABSOLUTE     
            XDATA   8285H     0001H     ABSOLUTE     
            XDATA   8286H     0001H     ABSOLUTE     
            XDATA   8287H     0001H     ABSOLUTE     
            XDATA   8288H     0001H     ABSOLUTE     
            XDATA   8289H     0001H     ABSOLUTE     
            XDATA   828AH     0001H     ABSOLUTE     
            XDATA   828BH     0001H     ABSOLUTE     
            XDATA   828CH     0001H     ABSOLUTE     
                    828DH     0013H                  *** GAP ***
            XDATA   82A0H     0001H     ABSOLUTE     
            XDATA   82A1H     0001H     ABSOLUTE     
            XDATA   82A2H     0001H     ABSOLUTE     
            XDATA   82A3H     0001H     ABSOLUTE     
                    82A4H     0002H                  *** GAP ***
            XDATA   82A6H     0001H     ABSOLUTE     
                    82A7H     0001H                  *** GAP ***
            XDATA   82A8H     0001H     ABSOLUTE     
                    82A9H     0001H                  *** GAP ***
            XDATA   82AAH     0001H     ABSOLUTE     
            XDATA   82ABH     0001H     ABSOLUTE     
            XDATA   82ACH     0001H     ABSOLUTE     
                    82ADH     0001H                  *** GAP ***
            XDATA   82AEH     0001H     ABSOLUTE     
                    82AFH     0001H                  *** GAP ***
            XDATA   82B0H     0001H     ABSOLUTE     
            XDATA   82B1H     0001H     ABSOLUTE     
            XDATA   82B2H     0001H     ABSOLUTE     
            XDATA   82B3H     0001H     ABSOLUTE     
            XDATA   82B4H     0001H     ABSOLUTE     
            XDATA   82B5H     0001H     ABSOLUTE     
            XDATA   82B6H     0001H     ABSOLUTE     
                    82B7H     0009H                  *** GAP ***
            XDATA   82C0H     0001H     ABSOLUTE     
            XDATA   82C1H     0001H     ABSOLUTE     
            XDATA   82C2H     0001H     ABSOLUTE     
                    82C3H     0005H                  *** GAP ***
            XDATA   82C8H     0001H     ABSOLUTE     
            XDATA   82C9H     0001H     ABSOLUTE     
                    82CAH     0001H                  *** GAP ***
            XDATA   82CBH     0001H     ABSOLUTE     
            XDATA   82CCH     0001H     ABSOLUTE     
            XDATA   82CDH     0001H     ABSOLUTE     
            XDATA   82CEH     0001H     ABSOLUTE     
            XDATA   82CFH     0001H     ABSOLUTE     
BL51 BANKED LINKER/LOCATER V6.22                                                      01/06/2017  14:57:29  PAGE 15


                    82D0H     0001H                  *** GAP ***
            XDATA   82D1H     0001H     ABSOLUTE     
            XDATA   82D2H     0001H     ABSOLUTE     
                    82D3H     0005H                  *** GAP ***
            XDATA   82D8H     0001H     ABSOLUTE     
                    82D9H     0007H                  *** GAP ***
            XDATA   82E0H     0001H     ABSOLUTE     
            XDATA   82E1H     0001H     ABSOLUTE     
                    82E2H     000EH                  *** GAP ***
            XDATA   82F0H     0001H     ABSOLUTE     
            XDATA   82F1H     0001H     ABSOLUTE     
                    82F2H     0012H                  *** GAP ***
            XDATA   8304H     0001H     ABSOLUTE     
            XDATA   8305H     0001H     ABSOLUTE     
                    8306H     0029H                  *** GAP ***
            XDATA   832FH     0001H     ABSOLUTE     
                    8330H     0041H                  *** GAP ***
            XDATA   8371H     0001H     ABSOLUTE     
                    8372H     0006H                  *** GAP ***
            XDATA   8378H     0001H     ABSOLUTE     
            XDATA   8379H     0001H     ABSOLUTE     
            XDATA   837AH     0001H     ABSOLUTE     
                    837BH     0011H                  *** GAP ***
            XDATA   838CH     0001H     ABSOLUTE     
            XDATA   838DH     0001H     ABSOLUTE     
                    838EH     0002H                  *** GAP ***
            XDATA   8390H     0001H     ABSOLUTE     
            XDATA   8391H     0001H     ABSOLUTE     
            XDATA   8392H     0001H     ABSOLUTE     
            XDATA   8393H     0001H     ABSOLUTE     
            XDATA   8394H     0001H     ABSOLUTE     
                    8395H     000BH                  *** GAP ***
            XDATA   83A0H     0001H     ABSOLUTE     
            XDATA   83A1H     0001H     ABSOLUTE     
            XDATA   83A2H     0001H     ABSOLUTE     
            XDATA   83A3H     0001H     ABSOLUTE     
            XDATA   83A4H     0001H     ABSOLUTE     
            XDATA   83A5H     0001H     ABSOLUTE     
                    83A6H     000AH                  *** GAP ***
            XDATA   83B0H     0001H     ABSOLUTE     
            XDATA   83B1H     0001H     ABSOLUTE     
            XDATA   83B2H     0001H     ABSOLUTE     
                    83B3H     000DH                  *** GAP ***
            XDATA   83C0H     0001H     ABSOLUTE     
            XDATA   83C1H     0001H     ABSOLUTE     
            XDATA   83C2H     0001H     ABSOLUTE     
            XDATA   83C3H     0001H     ABSOLUTE     
            XDATA   83C4H     0001H     ABSOLUTE     
            XDATA   83C5H     0001H     ABSOLUTE     
            XDATA   83C6H     0001H     ABSOLUTE     
            XDATA   83C7H     0001H     ABSOLUTE     
            XDATA   83C8H     0001H     ABSOLUTE     
            XDATA   83C9H     0001H     ABSOLUTE     
                    83CAH     0002H                  *** GAP ***
            XDATA   83CCH     0001H     ABSOLUTE     
            XDATA   83CDH     0001H     ABSOLUTE     
            XDATA   83CEH     0001H     ABSOLUTE     
BL51 BANKED LINKER/LOCATER V6.22                                                      01/06/2017  14:57:29  PAGE 16


            XDATA   83CFH     0001H     ABSOLUTE     
                    83D0H     0023H                  *** GAP ***
            XDATA   83F3H     0001H     ABSOLUTE     
                    83F4H     0004H                  *** GAP ***
            XDATA   83F8H     0001H     ABSOLUTE     
            XDATA   83F9H     0001H     ABSOLUTE     
                    83FAH     0001H                  *** GAP ***
            XDATA   83FBH     0001H     ABSOLUTE     
                    83FCH     0034H                  *** GAP ***
            XDATA   8430H     0001H     ABSOLUTE     
            XDATA   8431H     0001H     ABSOLUTE     
            XDATA   8432H     0001H     ABSOLUTE     
            XDATA   8433H     0001H     ABSOLUTE     
            XDATA   8434H     0001H     ABSOLUTE     
            XDATA   8435H     0001H     ABSOLUTE     
            XDATA   8436H     0001H     ABSOLUTE     
            XDATA   8437H     0001H     ABSOLUTE     
            XDATA   8438H     0001H     ABSOLUTE     
            XDATA   8439H     0001H     ABSOLUTE     
                    843AH     0001H                  *** GAP ***
            XDATA   843BH     0001H     ABSOLUTE     
                    843CH     0001H                  *** GAP ***
            XDATA   843DH     0001H     ABSOLUTE     
            XDATA   843EH     0001H     ABSOLUTE     
            XDATA   843FH     0001H     ABSOLUTE     
                    8440H     0001H                  *** GAP ***
            XDATA   8441H     0001H     ABSOLUTE     
            XDATA   8442H     0001H     ABSOLUTE     
            XDATA   8443H     0001H     ABSOLUTE     
            XDATA   8444H     0001H     ABSOLUTE     
            XDATA   8445H     0001H     ABSOLUTE     
            XDATA   8446H     0001H     ABSOLUTE     
                    8447H     0001H                  *** GAP ***
            XDATA   8448H     0001H     ABSOLUTE     
            XDATA   8449H     0001H     ABSOLUTE     
            XDATA   844AH     0001H     ABSOLUTE     
            XDATA   844BH     0001H     ABSOLUTE     
            XDATA   844CH     0001H     ABSOLUTE     
            XDATA   844DH     0001H     ABSOLUTE     
            XDATA   844EH     0001H     ABSOLUTE     
            XDATA   844FH     0001H     ABSOLUTE     
            XDATA   8450H     0001H     ABSOLUTE     
            XDATA   8451H     0001H     ABSOLUTE     
            XDATA   8452H     0001H     ABSOLUTE     
            XDATA   8453H     0001H     ABSOLUTE     
            XDATA   8454H     0001H     ABSOLUTE     
            XDATA   8455H     0001H     ABSOLUTE     
            XDATA   8456H     0001H     ABSOLUTE     
            XDATA   8457H     0001H     ABSOLUTE     
            XDATA   8458H     0001H     ABSOLUTE     
            XDATA   8459H     0001H     ABSOLUTE     
            XDATA   845AH     0001H     ABSOLUTE     
            XDATA   845BH     0001H     ABSOLUTE     
            XDATA   845CH     0001H     ABSOLUTE     
            XDATA   845DH     0001H     ABSOLUTE     
            XDATA   845EH     0001H     ABSOLUTE     
            XDATA   845FH     0001H     ABSOLUTE     
BL51 BANKED LINKER/LOCATER V6.22                                                      01/06/2017  14:57:29  PAGE 17


                    8460H     0020H                  *** GAP ***
            XDATA   8480H     0001H     ABSOLUTE     
                    8481H     0008H                  *** GAP ***
            XDATA   8489H     0001H     ABSOLUTE     
            XDATA   848AH     0001H     ABSOLUTE     
            XDATA   848BH     0001H     ABSOLUTE     
            XDATA   848CH     0001H     ABSOLUTE     
                    848DH     0003H                  *** GAP ***
            XDATA   8490H     0001H     ABSOLUTE     
            XDATA   8491H     0001H     ABSOLUTE     
                    8492H     0006H                  *** GAP ***
            XDATA   8498H     0001H     ABSOLUTE     
            XDATA   8499H     0001H     ABSOLUTE     
            XDATA   849AH     0001H     ABSOLUTE     
            XDATA   849BH     0001H     ABSOLUTE     
            XDATA   849CH     0001H     ABSOLUTE     
                    849DH     0003H                  *** GAP ***
            XDATA   84A0H     0001H     ABSOLUTE     
                    84A1H     000FH                  *** GAP ***
            XDATA   84B0H     0001H     ABSOLUTE     
                    84B1H     0007H                  *** GAP ***
            XDATA   84B8H     0001H     ABSOLUTE     
            XDATA   84B9H     0001H     ABSOLUTE     
                    84BAH     0006H                  *** GAP ***
            XDATA   84C0H     0001H     ABSOLUTE     
            XDATA   84C1H     0001H     ABSOLUTE     
            XDATA   84C2H     0001H     ABSOLUTE     
            XDATA   84C3H     0001H     ABSOLUTE     
            XDATA   84C4H     0001H     ABSOLUTE     
            XDATA   84C5H     0001H     ABSOLUTE     
            XDATA   84C6H     0001H     ABSOLUTE     
            XDATA   84C7H     0001H     ABSOLUTE     
            XDATA   84C8H     0001H     ABSOLUTE     
            XDATA   84C9H     0001H     ABSOLUTE     
                    84CAH     0011H                  *** GAP ***
            XDATA   84DBH     0001H     ABSOLUTE     
                    84DCH     0001H                  *** GAP ***
            XDATA   84DDH     0001H     ABSOLUTE     
                    84DEH     0012H                  *** GAP ***
            XDATA   84F0H     0001H     ABSOLUTE     
            XDATA   84F1H     0001H     ABSOLUTE     
            XDATA   84F2H     0001H     ABSOLUTE     
                    84F3H     0001H                  *** GAP ***
            XDATA   84F4H     0001H     ABSOLUTE     
            XDATA   84F5H     0001H     ABSOLUTE     
            XDATA   84F6H     0001H     ABSOLUTE     
            XDATA   84F7H     0001H     ABSOLUTE     
            XDATA   84F8H     0001H     ABSOLUTE     
            XDATA   84F9H     0001H     ABSOLUTE     
            XDATA   84FAH     0001H     ABSOLUTE     
            XDATA   84FBH     0001H     ABSOLUTE     
            XDATA   84FCH     0001H     ABSOLUTE     
            XDATA   84FDH     0001H     ABSOLUTE     
            XDATA   84FEH     0001H     ABSOLUTE     
                    84FFH     0009H                  *** GAP ***
            XDATA   8508H     0001H     ABSOLUTE     
            XDATA   8509H     0001H     ABSOLUTE     
BL51 BANKED LINKER/LOCATER V6.22                                                      01/06/2017  14:57:29  PAGE 18


            XDATA   850AH     0001H     ABSOLUTE     
            XDATA   850BH     0001H     ABSOLUTE     
            XDATA   850CH     0001H     ABSOLUTE     
            XDATA   850DH     0001H     ABSOLUTE     
            XDATA   850EH     0001H     ABSOLUTE     
            XDATA   850FH     0001H     ABSOLUTE     
            XDATA   8510H     0001H     ABSOLUTE     
            XDATA   8511H     0001H     ABSOLUTE     
            XDATA   8512H     0001H     ABSOLUTE     
            XDATA   8513H     0001H     ABSOLUTE     
            XDATA   8514H     0001H     ABSOLUTE     
            XDATA   8515H     0001H     ABSOLUTE     
            XDATA   8516H     0001H     ABSOLUTE     
                    8517H     0006H                  *** GAP ***
            XDATA   851DH     0001H     ABSOLUTE     
            XDATA   851EH     0001H     ABSOLUTE     
            XDATA   851FH     0001H     ABSOLUTE     
                    8520H     0001H                  *** GAP ***
            XDATA   8521H     0001H     ABSOLUTE     
            XDATA   8522H     0001H     ABSOLUTE     
            XDATA   8523H     0001H     ABSOLUTE     
            XDATA   8524H     0001H     ABSOLUTE     
                    8525H     0001H                  *** GAP ***
            XDATA   8526H     0001H     ABSOLUTE     
                    8527H     0009H                  *** GAP ***
            XDATA   8530H     0001H     ABSOLUTE     
            XDATA   8531H     0001H     ABSOLUTE     
            XDATA   8532H     0001H     ABSOLUTE     
            XDATA   8533H     0001H     ABSOLUTE     
            XDATA   8534H     0001H     ABSOLUTE     
            XDATA   8535H     0001H     ABSOLUTE     
            XDATA   8536H     0001H     ABSOLUTE     
            XDATA   8537H     0001H     ABSOLUTE     
            XDATA   8538H     0001H     ABSOLUTE     
            XDATA   8539H     0001H     ABSOLUTE     
            XDATA   853AH     0001H     ABSOLUTE     
            XDATA   853BH     0001H     ABSOLUTE     
            XDATA   853CH     0001H     ABSOLUTE     
            XDATA   853DH     0001H     ABSOLUTE     
            XDATA   853EH     0001H     ABSOLUTE     
            XDATA   853FH     0001H     ABSOLUTE     
            XDATA   8540H     0001H     ABSOLUTE     
            XDATA   8541H     0001H     ABSOLUTE     
            XDATA   8542H     0001H     ABSOLUTE     
            XDATA   8543H     0001H     ABSOLUTE     
            XDATA   8544H     0001H     ABSOLUTE     
            XDATA   8545H     0001H     ABSOLUTE     
            XDATA   8546H     0001H     ABSOLUTE     
            XDATA   8547H     0001H     ABSOLUTE     
            XDATA   8548H     0001H     ABSOLUTE     
            XDATA   8549H     0001H     ABSOLUTE     
            XDATA   854AH     0001H     ABSOLUTE     
            XDATA   854BH     0001H     ABSOLUTE     
            XDATA   854CH     0001H     ABSOLUTE     
            XDATA   854DH     0001H     ABSOLUTE     
            XDATA   854EH     0001H     ABSOLUTE     
            XDATA   854FH     0001H     ABSOLUTE     
BL51 BANKED LINKER/LOCATER V6.22                                                      01/06/2017  14:57:29  PAGE 19


            XDATA   8550H     0001H     ABSOLUTE     
            XDATA   8551H     0001H     ABSOLUTE     
            XDATA   8552H     0001H     ABSOLUTE     
            XDATA   8553H     0001H     ABSOLUTE     
            XDATA   8554H     0001H     ABSOLUTE     
            XDATA   8555H     0001H     ABSOLUTE     
            XDATA   8556H     0001H     ABSOLUTE     
            XDATA   8557H     0001H     ABSOLUTE     
            XDATA   8558H     0001H     ABSOLUTE     
            XDATA   8559H     0001H     ABSOLUTE     
                    855AH     0005H                  *** GAP ***
            XDATA   855FH     0001H     ABSOLUTE     
                    8560H     0020H                  *** GAP ***
            XDATA   8580H     0001H     ABSOLUTE     
            XDATA   8581H     0001H     ABSOLUTE     
            XDATA   8582H     0001H     ABSOLUTE     
            XDATA   8583H     0001H     ABSOLUTE     
            XDATA   8584H     0001H     ABSOLUTE     
            XDATA   8585H     0001H     ABSOLUTE     
            XDATA   8586H     0001H     ABSOLUTE     
            XDATA   8587H     0001H     ABSOLUTE     
            XDATA   8588H     0001H     ABSOLUTE     
            XDATA   8589H     0001H     ABSOLUTE     
            XDATA   858AH     0001H     ABSOLUTE     
            XDATA   858BH     0001H     ABSOLUTE     
                    858CH     0003H                  *** GAP ***
            XDATA   858FH     0001H     ABSOLUTE     
                    8590H     0004H                  *** GAP ***
            XDATA   8594H     0001H     ABSOLUTE     
            XDATA   8595H     0001H     ABSOLUTE     
            XDATA   8596H     0001H     ABSOLUTE     
            XDATA   8597H     0001H     ABSOLUTE     
            XDATA   8598H     0001H     ABSOLUTE     
            XDATA   8599H     0001H     ABSOLUTE     
            XDATA   859AH     0001H     ABSOLUTE     
                    859BH     0001H                  *** GAP ***
            XDATA   859CH     0001H     ABSOLUTE     
            XDATA   859DH     0001H     ABSOLUTE     
            XDATA   859EH     0001H     ABSOLUTE     
                    859FH     0001H                  *** GAP ***
            XDATA   85A0H     0001H     ABSOLUTE     
            XDATA   85A1H     0001H     ABSOLUTE     
            XDATA   85A2H     0001H     ABSOLUTE     
            XDATA   85A3H     0001H     ABSOLUTE     
            XDATA   85A4H     0001H     ABSOLUTE     
            XDATA   85A5H     0001H     ABSOLUTE     
            XDATA   85A6H     0001H     ABSOLUTE     
            XDATA   85A7H     0001H     ABSOLUTE     
            XDATA   85A8H     0001H     ABSOLUTE     
            XDATA   85A9H     0001H     ABSOLUTE     
            XDATA   85AAH     0001H     ABSOLUTE     
            XDATA   85ABH     0001H     ABSOLUTE     
                    85ACH     0004H                  *** GAP ***
            XDATA   85B0H     0001H     ABSOLUTE     
            XDATA   85B1H     0001H     ABSOLUTE     
            XDATA   85B2H     0001H     ABSOLUTE     
            XDATA   85B3H     0001H     ABSOLUTE     
BL51 BANKED LINKER/LOCATER V6.22                                                      01/06/2017  14:57:29  PAGE 20


            XDATA   85B4H     0001H     ABSOLUTE     
            XDATA   85B5H     0001H     ABSOLUTE     
            XDATA   85B6H     0001H     ABSOLUTE     
            XDATA   85B7H     0001H     ABSOLUTE     
            XDATA   85B8H     0001H     ABSOLUTE     
            XDATA   85B9H     0001H     ABSOLUTE     
            XDATA   85BAH     0001H     ABSOLUTE     
            XDATA   85BBH     0001H     ABSOLUTE     
            XDATA   85BCH     0001H     ABSOLUTE     
            XDATA   85BDH     0001H     ABSOLUTE     
            XDATA   85BEH     0001H     ABSOLUTE     
            XDATA   85BFH     0001H     ABSOLUTE     
            XDATA   85C0H     0001H     ABSOLUTE     
            XDATA   85C1H     0001H     ABSOLUTE     
            XDATA   85C2H     0001H     ABSOLUTE     
            XDATA   85C3H     0001H     ABSOLUTE     
            XDATA   85C4H     0001H     ABSOLUTE     
                    85C5H     0027H                  *** GAP ***
            XDATA   85ECH     0001H     ABSOLUTE     
            XDATA   85EDH     0001H     ABSOLUTE     
            XDATA   85EEH     0001H     ABSOLUTE     
            XDATA   85EFH     0001H     ABSOLUTE     
            XDATA   85F0H     0008H     ABSOLUTE     
            XDATA   85F8H     0001H     ABSOLUTE     
            XDATA   85F9H     0001H     ABSOLUTE     
            XDATA   85FAH     0001H     ABSOLUTE     
                    85FBH     0002H                  *** GAP ***
            XDATA   85FDH     0001H     ABSOLUTE     
                    85FEH     0002H                  *** GAP ***
            XDATA   8600H     0001H     ABSOLUTE     
            XDATA   8601H     0001H     ABSOLUTE     
                    8602H     0003H                  *** GAP ***
            XDATA   8605H     0001H     ABSOLUTE     
            XDATA   8606H     0001H     ABSOLUTE     
                    8607H     0001H                  *** GAP ***
            XDATA   8608H     0001H     ABSOLUTE     
                    8609H     0011H                  *** GAP ***
            XDATA   861AH     0001H     ABSOLUTE     
            XDATA   861BH     0001H     ABSOLUTE     
            XDATA   861CH     0001H     ABSOLUTE     
            XDATA   861DH     0001H     ABSOLUTE     
            XDATA   861EH     0001H     ABSOLUTE     
                    861FH     000FH                  *** GAP ***
            XDATA   862EH     0001H     ABSOLUTE     
                    862FH     0001H                  *** GAP ***
            XDATA   8630H     0001H     ABSOLUTE     
                    8631H     0001H                  *** GAP ***
            XDATA   8632H     0001H     ABSOLUTE     
                    8633H     0007H                  *** GAP ***
            XDATA   863AH     0001H     ABSOLUTE     
            XDATA   863BH     0001H     ABSOLUTE     
            XDATA   863CH     0001H     ABSOLUTE     
            XDATA   863DH     0001H     ABSOLUTE     
                    863EH     0001H                  *** GAP ***
            XDATA   863FH     0001H     ABSOLUTE     
            XDATA   8640H     0001H     ABSOLUTE     
            XDATA   8641H     0001H     ABSOLUTE     
BL51 BANKED LINKER/LOCATER V6.22                                                      01/06/2017  14:57:29  PAGE 21


            XDATA   8642H     0001H     ABSOLUTE     
            XDATA   8643H     0001H     ABSOLUTE     
                    8644H     0001H                  *** GAP ***
            XDATA   8645H     0001H     ABSOLUTE     
            XDATA   8646H     0001H     ABSOLUTE     
                    8647H     0002H                  *** GAP ***
            XDATA   8649H     0001H     ABSOLUTE     
                    864AH     0001H                  *** GAP ***
            XDATA   864BH     0001H     ABSOLUTE     
            XDATA   864CH     0001H     ABSOLUTE     
            XDATA   864DH     0001H     ABSOLUTE     
            XDATA   864EH     0001H     ABSOLUTE     
            XDATA   864FH     0001H     ABSOLUTE     
            XDATA   8650H     0001H     ABSOLUTE     
            XDATA   8651H     0001H     ABSOLUTE     
                    8652H     0019H                  *** GAP ***
            XDATA   866BH     0001H     ABSOLUTE     
                    866CH     0003H                  *** GAP ***
            XDATA   866FH     0001H     ABSOLUTE     
            XDATA   8670H     0005H     ABSOLUTE     
            XDATA   8675H     0004H     ABSOLUTE     
                    8679H     0002H                  *** GAP ***
            XDATA   867BH     0002H     ABSOLUTE     
            XDATA   867DH     0003H     ABSOLUTE     
                    8680H     0035H                  *** GAP ***
            XDATA   86B5H     0001H     ABSOLUTE     
            XDATA   86B6H     0003H     ABSOLUTE     
                    86B9H     0047H                  *** GAP ***
            XDATA   8700H     0001H     ABSOLUTE     
                    8701H     0002H                  *** GAP ***
            XDATA   8703H     0001H     ABSOLUTE     
            XDATA   8704H     0001H     ABSOLUTE     
            XDATA   8705H     0001H     ABSOLUTE     
            XDATA   8706H     0003H     ABSOLUTE     
            XDATA   8709H     0001H     ABSOLUTE     
            XDATA   870AH     0001H     ABSOLUTE     
            XDATA   870BH     0001H     ABSOLUTE     
            XDATA   870CH     0003H     ABSOLUTE     
                    870FH     0004H                  *** GAP ***
            XDATA   8713H     0001H     ABSOLUTE     
                    8714H     0001H                  *** GAP ***
            XDATA   8715H     0001H     ABSOLUTE     
            XDATA   8716H     0001H     ABSOLUTE     
            XDATA   8717H     0001H     ABSOLUTE     
                    8718H     0001H                  *** GAP ***
            XDATA   8719H     0001H     ABSOLUTE     
            XDATA   871AH     0001H     ABSOLUTE     
            XDATA   871BH     0001H     ABSOLUTE     
            XDATA   871CH     0001H     ABSOLUTE     
            XDATA   871DH     0001H     ABSOLUTE     
                    871EH     0002H                  *** GAP ***
            XDATA   8720H     0001H     ABSOLUTE     
            XDATA   8721H     0001H     ABSOLUTE     
            XDATA   8722H     0001H     ABSOLUTE     
            XDATA   8723H     0001H     ABSOLUTE     
            XDATA   8724H     0001H     ABSOLUTE     
            XDATA   8725H     0001H     ABSOLUTE     
BL51 BANKED LINKER/LOCATER V6.22                                                      01/06/2017  14:57:29  PAGE 22


            XDATA   8726H     0001H     ABSOLUTE     
            XDATA   8727H     0001H     ABSOLUTE     
            XDATA   8728H     0001H     ABSOLUTE     
            XDATA   8729H     0001H     ABSOLUTE     
            XDATA   872AH     0001H     ABSOLUTE     
                    872BH     0005H                  *** GAP ***
            XDATA   8730H     0001H     ABSOLUTE     
                    8731H     0003H                  *** GAP ***
            XDATA   8734H     0001H     ABSOLUTE     
            XDATA   8735H     0001H     ABSOLUTE     
            XDATA   8736H     0001H     ABSOLUTE     
            XDATA   8737H     0001H     ABSOLUTE     
                    8738H     0002H                  *** GAP ***
            XDATA   873AH     0001H     ABSOLUTE     
                    873BH     0003H                  *** GAP ***
            XDATA   873EH     0001H     ABSOLUTE     
                    873FH     0001H                  *** GAP ***
            XDATA   8740H     0001H     ABSOLUTE     
            XDATA   8741H     0001H     ABSOLUTE     
            XDATA   8742H     0001H     ABSOLUTE     
            XDATA   8743H     0001H     ABSOLUTE     
            XDATA   8744H     000FH     ABSOLUTE     
                    8753H     0011H                  *** GAP ***
            XDATA   8764H     001BH     ABSOLUTE     
                    877FH     0005H                  *** GAP ***
            XDATA   8784H     000AH     ABSOLUTE     
                    878EH     0068H                  *** GAP ***
            XDATA   87F6H     0001H     ABSOLUTE     
                    87F7H     0069H                  *** GAP ***
            XDATA   8860H     001FH     ABSOLUTE     
                    887FH     0001H                  *** GAP ***
            XDATA   8880H     0009H     ABSOLUTE     
                    8889H     0016H                  *** GAP ***
            XDATA   889FH     0001H     ABSOLUTE     
            XDATA   88A0H     0001H     ABSOLUTE     
            XDATA   88A1H     0001H     ABSOLUTE     
            XDATA   88A2H     0001H     ABSOLUTE     
            XDATA   88A3H     0001H     ABSOLUTE     
            XDATA   88A4H     0001H     ABSOLUTE     
            XDATA   88A5H     0001H     ABSOLUTE     
            XDATA   88A6H     0001H     ABSOLUTE     
            XDATA   88A7H     0001H     ABSOLUTE     
            XDATA   88A8H     0001H     ABSOLUTE     
            XDATA   88A9H     0001H     ABSOLUTE     
            XDATA   88AAH     0001H     ABSOLUTE     
                    88ABH     0003H                  *** GAP ***
            XDATA   88AEH     0001H     ABSOLUTE     
                    88AFH     0001H                  *** GAP ***
            XDATA   88B0H     0001H     ABSOLUTE     
                    88B1H     0002H                  *** GAP ***
            XDATA   88B3H     0001H     ABSOLUTE     
                    88B4H     0001H                  *** GAP ***
            XDATA   88B5H     0001H     ABSOLUTE     
                    88B6H     000EH                  *** GAP ***
            XDATA   88C4H     0001H     ABSOLUTE     
                    88C5H     01D5H                  *** GAP ***
            XDATA   8A9AH     0001H     ABSOLUTE     
BL51 BANKED LINKER/LOCATER V6.22                                                      01/06/2017  14:57:29  PAGE 23


                    8A9BH     0024H                  *** GAP ***
            XDATA   8ABFH     0001H     ABSOLUTE     
                    8AC0H     0040H                  *** GAP ***
            XDATA   8B00H     0001H     ABSOLUTE     
            XDATA   8B01H     0001H     ABSOLUTE     
            XDATA   8B02H     0001H     ABSOLUTE     
            XDATA   8B03H     0001H     ABSOLUTE     
            XDATA   8B04H     0001H     ABSOLUTE     
                    8B05H     0013H                  *** GAP ***
            XDATA   8B18H     0001H     ABSOLUTE     
            XDATA   8B19H     0001H     ABSOLUTE     
                    8B1AH     0006H                  *** GAP ***
            XDATA   8B20H     0001H     ABSOLUTE     
            XDATA   8B21H     0001H     ABSOLUTE     
            XDATA   8B22H     0001H     ABSOLUTE     
            XDATA   8B23H     0001H     ABSOLUTE     
                    8B24H     0008H                  *** GAP ***
            XDATA   8B2CH     0001H     ABSOLUTE     
                    8B2DH     0004H                  *** GAP ***
            XDATA   8B31H     0001H     ABSOLUTE     
            XDATA   8B32H     0001H     ABSOLUTE     
            XDATA   8B33H     0001H     ABSOLUTE     
            XDATA   8B34H     0001H     ABSOLUTE     
                    8B35H     0003H                  *** GAP ***
            XDATA   8B38H     0001H     ABSOLUTE     
            XDATA   8B39H     0001H     ABSOLUTE     
            XDATA   8B3AH     0001H     ABSOLUTE     
                    8B3BH     0003H                  *** GAP ***
            XDATA   8B3EH     0001H     ABSOLUTE     
            XDATA   8B3FH     0001H     ABSOLUTE     
            XDATA   8B40H     0001H     ABSOLUTE     
            XDATA   8B41H     0001H     ABSOLUTE     
            XDATA   8B42H     0001H     ABSOLUTE     
            XDATA   8B43H     0001H     ABSOLUTE     
                    8B44H     0001H                  *** GAP ***
            XDATA   8B45H     0001H     ABSOLUTE     
            XDATA   8B46H     0001H     ABSOLUTE     
            XDATA   8B47H     0001H     ABSOLUTE     
            XDATA   8B48H     0001H     ABSOLUTE     
            XDATA   8B49H     0001H     ABSOLUTE     
            XDATA   8B4AH     0001H     ABSOLUTE     
            XDATA   8B4BH     0001H     ABSOLUTE     
            XDATA   8B4CH     0001H     ABSOLUTE     
            XDATA   8B4DH     0001H     ABSOLUTE     
            XDATA   8B4EH     0001H     ABSOLUTE     
                    8B4FH     0001H                  *** GAP ***
            XDATA   8B50H     0001H     ABSOLUTE     
                    8B51H     0002H                  *** GAP ***
            XDATA   8B53H     0001H     ABSOLUTE     
            XDATA   8B54H     0001H     ABSOLUTE     
            XDATA   8B55H     0001H     ABSOLUTE     
            XDATA   8B56H     0001H     ABSOLUTE     
            XDATA   8B57H     0001H     ABSOLUTE     
            XDATA   8B58H     0001H     ABSOLUTE     
            XDATA   8B59H     0001H     ABSOLUTE     
            XDATA   8B5AH     0001H     ABSOLUTE     
            XDATA   8B5BH     0001H     ABSOLUTE     
BL51 BANKED LINKER/LOCATER V6.22                                                      01/06/2017  14:57:29  PAGE 24


            XDATA   8B5CH     0001H     ABSOLUTE     
            XDATA   8B5DH     0001H     ABSOLUTE     
            XDATA   8B5EH     0001H     ABSOLUTE     
            XDATA   8B5FH     0001H     ABSOLUTE     
            XDATA   8B60H     0001H     ABSOLUTE     
            XDATA   8B61H     0001H     ABSOLUTE     
            XDATA   8B62H     0001H     ABSOLUTE     
            XDATA   8B63H     0001H     ABSOLUTE     
            XDATA   8B64H     0001H     ABSOLUTE     
            XDATA   8B65H     0001H     ABSOLUTE     
            XDATA   8B66H     0001H     ABSOLUTE     
            XDATA   8B67H     0001H     ABSOLUTE     
            XDATA   8B68H     0001H     ABSOLUTE     
            XDATA   8B69H     0001H     ABSOLUTE     
                    8B6AH     0006H                  *** GAP ***
            XDATA   8B70H     0001H     ABSOLUTE     
                    8B71H     0007H                  *** GAP ***
            XDATA   8B78H     0001H     ABSOLUTE     
            XDATA   8B79H     0001H     ABSOLUTE     
            XDATA   8B7AH     0001H     ABSOLUTE     
                    8B7BH     0005H                  *** GAP ***
            XDATA   8B80H     0001H     ABSOLUTE     
            XDATA   8B81H     0001H     ABSOLUTE     
            XDATA   8B82H     0001H     ABSOLUTE     
            XDATA   8B83H     0001H     ABSOLUTE     
            XDATA   8B84H     0001H     ABSOLUTE     
            XDATA   8B85H     0001H     ABSOLUTE     
            XDATA   8B86H     0001H     ABSOLUTE     
            XDATA   8B87H     0001H     ABSOLUTE     
            XDATA   8B88H     0001H     ABSOLUTE     
            XDATA   8B89H     0001H     ABSOLUTE     
            XDATA   8B8AH     0001H     ABSOLUTE     
            XDATA   8B8BH     0001H     ABSOLUTE     
            XDATA   8B8CH     0001H     ABSOLUTE     
            XDATA   8B8DH     0001H     ABSOLUTE     
            XDATA   8B8EH     0001H     ABSOLUTE     
            XDATA   8B8FH     0001H     ABSOLUTE     
            XDATA   8B90H     0001H     ABSOLUTE     
            XDATA   8B91H     0001H     ABSOLUTE     
            XDATA   8B92H     0001H     ABSOLUTE     
                    8B93H     000DH                  *** GAP ***
            XDATA   8BA0H     0001H     ABSOLUTE     
                    8BA1H     0001H                  *** GAP ***
            XDATA   8BA2H     0001H     ABSOLUTE     
                    8BA3H     002FH                  *** GAP ***
            XDATA   8BD2H     0001H     ABSOLUTE     
                    8BD3H     002DH                  *** GAP ***
            XDATA   8C00H     0001H     ABSOLUTE     
            XDATA   8C01H     0001H     ABSOLUTE     
            XDATA   8C02H     0001H     ABSOLUTE     
            XDATA   8C03H     0001H     ABSOLUTE     
            XDATA   8C04H     0001H     ABSOLUTE     
            XDATA   8C05H     0001H     ABSOLUTE     
            XDATA   8C06H     0001H     ABSOLUTE     
            XDATA   8C07H     0001H     ABSOLUTE     
            XDATA   8C08H     0001H     ABSOLUTE     
            XDATA   8C09H     0001H     ABSOLUTE     
BL51 BANKED LINKER/LOCATER V6.22                                                      01/06/2017  14:57:29  PAGE 25


            XDATA   8C0AH     0001H     ABSOLUTE     
            XDATA   8C0BH     0001H     ABSOLUTE     
            XDATA   8C0CH     0001H     ABSOLUTE     
            XDATA   8C0DH     0001H     ABSOLUTE     
            XDATA   8C0EH     0001H     ABSOLUTE     
            XDATA   8C0FH     0001H     ABSOLUTE     
            XDATA   8C10H     0001H     ABSOLUTE     
            XDATA   8C11H     0001H     ABSOLUTE     
                    8C12H     000EH                  *** GAP ***
            XDATA   8C20H     0001H     ABSOLUTE     
            XDATA   8C21H     0010H     ABSOLUTE     
            XDATA   8C31H     0001H     ABSOLUTE     
            XDATA   8C32H     0010H     ABSOLUTE     
                    8C42H     000EH                  *** GAP ***
[...]



  -------         PROC BANK=3   _MTXAPI_ENABLELOCALMATRIX
  D:0007H         SYMBOL        en
 C3:EB31H         LINE#         439
 C3:EB31H         LINE#         440
 C3:EB31H         LINE#         441
 C3:EB37H         LINE#         442
 C3:EB3DH         LINE#         443
 C3:EB44H         LINE#         444
 C3:EB45H         LINE#         445
 C3:EB45H         LINE#         446
 C3:EB49H         LINE#         447
 C3:EB50H         LINE#         448
 C3:EB50H         LINE#         449
  -------         ENDPROC       _MTXAPI_ENABLELOCALMATRIX
  -------         ENDMOD        MATRIX

  -------         MODULE        DCR
  C:0000H         SYMBOL        _ICE_DUMMY_
  X:A527H         PUBLIC        usCurHisgrm
  X:A547H         PUBLIC        ulCurHisgrmTotal
  X:A54BH         PUBLIC        usPrvHisgrm
 C3:DD78H         PUBLIC        DCR_IsSceneChanged
  X:A56BH         SYMBOL        VersionPtr
 C3:D11FH         PUBLIC        _DCR_UpdateHistogram
  C:4DD4H         SYMBOL        SpecTab_DCRVersion
 C3:ECF0H         PUBLIC        _DCR_GetHistogramDiff
 C3:ED32H         PUBLIC        DCR_UpdatePrevHistogram
 C3:E69BH         SYMBOL        Com001C
 C3:E69BH         SYMBOL        L?0029
 C3:E6ACH         SYMBOL        L?0030
 C3:E6B9H         SYMBOL        L?0031
 C3:E6B9H         SYMBOL        L?0032
 C3:E6C5H         SYMBOL        L?0033
  -------         PROC          COM001C
  -------         ENDPROC       COM001C

  -------         PROC BANK=3   _DCR_UPDATEHISTOGRAM
  D:0003H         SYMBOL        reset
  -------         DO            
  X:A2EFH         SYMBOL        i
  X:A2F0H         SYMBOL        tmpHis1
  X:A2F1H         SYMBOL        tmpHis2
  X:A2F2H         SYMBOL        tmpHis3
  X:A2F3H         SYMBOL        reg
  -------         ENDDO         
 C3:D11FH         LINE#         69
 C3:D121H         LINE#         70
 C3:D121H         LINE#         72
 C3:D126H         LINE#         74
 C3:D130H         LINE#         75
 C3:D132H         LINE#         77
 C3:D139H         LINE#         78
 C3:D140H         LINE#         80
 C3:D148H         LINE#         83
 C3:D152H         LINE#         85
 C3:D155H         LINE#         86
BL51 BANKED LINKER/LOCATER V6.22                                                      01/06/2017  14:57:29  PAGE 187


 C3:D164H         LINE#         87
 C3:D16CH         LINE#         88
 C3:D173H         LINE#         89
 C3:D17BH         LINE#         90
 C3:D17BH         LINE#         91
 C3:D17BH         LINE#         92
 C3:D180H         LINE#         93
 C3:D188H         LINE#         94
 C3:D190H         LINE#         95
 C3:D198H         LINE#         96
 C3:D1B3H         LINE#         97
 C3:D1D3H         LINE#         98
 C3:D1DEH         LINE#         99
 C3:D1DEH         LINE#         101
 C3:D1E8H         LINE#         103
 C3:D1E9H         LINE#         104
  -------         ENDPROC       _DCR_UPDATEHISTOGRAM

  -------         PROC BANK=3   DCR_UPDATEPREVHISTOGRAM
  -------         DO            
  D:0007H         SYMBOL        i
  -------         ENDDO         
 C3:ED32H         LINE#         109
 C3:ED32H         LINE#         110
 C3:ED32H         LINE#         112
 C3:ED34H         LINE#         113
 C3:ED3CH         LINE#         114
 C3:ED41H         LINE#         115
  -------         ENDPROC       DCR_UPDATEPREVHISTOGRAM

  -------         PROC BANK=3   _DCR_GETHISTOGRAMDIFF
  D:0007H         SYMBOL        index
 C3:ECF0H         LINE#         122
 C3:ECF0H         LINE#         123
 C3:ECF0H         LINE#         124
 C3:ED00H         LINE#         125
  -------         ENDPROC       _DCR_GETHISTOGRAMDIFF

  -------         PROC BANK=3   DCR_ISSCENECHANGED
  -------         DO            
  X:A2F4H         SYMBOL        i
  X:A2F5H         SYMBOL        diff_cnt
  X:A2F6H         SYMBOL        scv_diff
  -------         ENDDO         
 C3:DD78H         LINE#         131
 C3:DD78H         LINE#         132
 C3:DD78H         LINE#         137
 C3:DD86H         LINE#         138
 C3:DD88H         LINE#         140
 C3:DD8DH         LINE#         141
 C3:DD8FH         LINE#         144
 C3:DD9DH         LINE#         145
 C3:DDA9H         LINE#         146
 C3:DDAFH         LINE#         150
 C3:DDB3H         LINE#         151
 C3:DDBAH         LINE#         152
 C3:DDBEH         LINE#         153
BL51 BANKED LINKER/LOCATER V6.22                                                      01/06/2017  14:57:29  PAGE 188


 C3:DDBEH         LINE#         154
 C3:DDC0H         LINE#         155
 C3:DDC0H         LINE#         156
 C3:DDC7H         LINE#         157
 C3:DDC7H         LINE#         158
 C3:DDCFH         LINE#         160
 C3:DDDFH         LINE#         163
 C3:DDE1H         LINE#         164
 C3:DDE1H         LINE#         165
 C3:DDE7H         LINE#         166
 C3:DDE9H         LINE#         167
 C3:DDE9H         LINE#         169
 C3:DDEAH         LINE#         170
  -------         ENDPROC       DCR_ISSCENECHANGED
  -------         ENDMOD        DCR

  -------         MODULE        DCR_SETDYMACE
  C:0000H         SYMBOL        _ICE_DUMMY_
  X:A438H         SYMBOL        usCurIG
  X:A458H         SYMBOL        usNewIG
  X:A478H         SYMBOL        ucACEMode
 C3:C450H         PUBLIC        _DCR_SetDymACE
  B:0025H.5       SYMBOL        bUpdateIG
 C3:EE90H         PUBLIC        _DCR_SetDynACEType
 C3:E4D6H         PUBLIC        _DCR_SetDynACEPnts
 C3:CDA2H         SYMBOL        DCR_NewIGByHistogram
  X:A479H         SYMBOL        usLowerBond
  X:A47BH         SYMBOL        ucMinIGTable
 C3:DECEH         SYMBOL        Com0035
 C3:DECEH         SYMBOL        L?0054
 C3:DEDFH         SYMBOL        L?0055
 C3:DEE0H         SYMBOL        L?0056
 C3:DEECH         SYMBOL        L?0057
 C3:DEF1H         SYMBOL        L?0058
 C3:DEF2H         SYMBOL        L?0059
 C3:DEFEH         SYMBOL        L?0060
 C3:DEFFH         SYMBOL        L?0061
 C3:DF02H         SYMBOL        L?0062
 C3:DF0AH         SYMBOL        L?0063
 C3:DF1CH         SYMBOL        L?0064
 C3:DF21H         SYMBOL        L?0065
 C3:DF28H         SYMBOL        L?0066
 C3:DF34H         SYMBOL        L?0067
  -------         PROC          COM0035
  -------         ENDPROC       COM0035

  -------         PROC BANK=3   DCR_NEWIGBYHISTOGRAM
  -------         DO            
  B:0020H.3       SYMBOL        pure
  X:A2F3H         SYMBOL        i
  -------         ENDDO         
 C3:CDA2H         LINE#         63
 C3:CDA2H         LINE#         64
 C3:CDA2H         LINE#         68
 C3:CDACH         LINE#         70
 C3:CDB2H         LINE#         71
 C3:CDB2H         LINE#         73
BL51 BANKED LINKER/LOCATER V6.22                                                      01/06/2017  14:57:29  PAGE 189


 C3:CDBAH         LINE#         74
 C3:CDBDH         LINE#         75
 C3:CDBFH         LINE#         76
 C3:CDC4H         LINE#         80
 C3:CE14H         LINE#         85
 C3:CE24H         LINE#         86
 C3:CE26H         LINE#         87
 C3:CE28H         LINE#         88
 C3:CE28H         LINE#         90
 C3:CE3AH         LINE#         92
 C3:CE3DH         LINE#         93
 C3:CE3DH         LINE#         94
 C3:CE3DH         LINE#         95
 C3:CE56H         LINE#         96
 C3:CE64H         LINE#         99
 C3:CE67H         LINE#         100
 C3:CE6CH         LINE#         101
 C3:CE83H         LINE#         102
 C3:CE8DH         LINE#         103
 C3:CE8DH         LINE#         105
 C3:CE8FH         LINE#         106
 C3:CE8FH         LINE#         108
 C3:CE90H         LINE#         109
  -------         ENDPROC       DCR_NEWIGBYHISTOGRAM

  -------         PROC BANK=3   _DCR_SETDYNACETYPE
  D:0007H         SYMBOL        type
 C3:EE90H         LINE#         118
 C3:EE90H         LINE#         119
 C3:EE90H         LINE#         120
 C3:EE95H         LINE#         121
  -------         ENDPROC       _DCR_SETDYNACETYPE

  -------         PROC BANK=3   _DCR_SETDYNACEPNTS
  X:A2F4H         SYMBOL        ptr
  -------         DO            
  D:0007H         SYMBOL        i
  -------         ENDDO         
 C3:E4D6H         LINE#         127
 C3:E4E1H         LINE#         128
 C3:E4E1H         LINE#         131
 C3:E4E8H         LINE#         132
 C3:E4EFH         LINE#         133
 C3:E4F0H         LINE#         134
 C3:E4F5H         LINE#         135
 C3:E4F8H         LINE#         136
 C3:E4FFH         LINE#         137
 C3:E4FFH         LINE#         138
 C3:E4FFH         LINE#         139
 C3:E501H         LINE#         140
 C3:E512H         LINE#         141
 C3:E515H         LINE#         142
 C3:E51BH         LINE#         143
 C3:E51BH         LINE#         144
  -------         ENDPROC       _DCR_SETDYNACEPNTS

  -------         PROC BANK=3   _DCR_SETDYMACE
BL51 BANKED LINKER/LOCATER V6.22                                                      01/06/2017  14:57:29  PAGE 190


  X:A2EFH         SYMBOL        reset
  -------         DO            
  X:A2F0H         SYMBOL        i
  D:0005H         SYMBOL        reg
  X:A2F1H         SYMBOL        tmp_cur
  D:0006H         SYMBOL        tmp_new
  -------         ENDDO         
 C3:C450H         LINE#         150
 C3:C455H         LINE#         151
 C3:C455H         LINE#         155
 C3:C457H         LINE#         156
 C3:C45AH         LINE#         157
 C3:C471H         LINE#         158
 C3:C47CH         LINE#         159
 C3:C483H         LINE#         160
 C3:C483H         LINE#         162
 C3:C494H         LINE#         163
 C3:C496H         LINE#         164
 C3:C49FH         LINE#         165
 C3:C4A3H         LINE#         166
 C3:C4B7H         LINE#         167
 C3:C4BFH         LINE#         168
 C3:C4CDH         LINE#         169
 C3:C4E0H         LINE#         170
 C3:C4EDH         LINE#         172
 C3:C4FFH         LINE#         173
 C3:C501H         LINE#         174
 C3:C503H         LINE#         175
 C3:C510H         LINE#         176
 C3:C529H         LINE#         177
 C3:C535H         LINE#         179
 C3:C53DH         LINE#         180
 C3:C53FH         LINE#         181
 C3:C53FH         LINE#         182
 C3:C54CH         LINE#         183
 C3:C54CH         LINE#         184
 C3:C54CH         LINE#         185
 C3:C551H         LINE#         186
 C3:C558H         LINE#         187
 C3:C55FH         LINE#         188
 C3:C55FH         LINE#         190
 C3:C566H         LINE#         191
 C3:C56DH         LINE#         192
 C3:C571H         LINE#         193
 C3:C575H         LINE#         194
 C3:C579H         LINE#         197
 C3:C57EH         LINE#         198
 C3:C57FH         LINE#         199
 C3:C58DH         LINE#         200
 C3:C598H         LINE#         201
 C3:C59AH         LINE#         202
 C3:C59FH         LINE#         203
 C3:C5A4H         LINE#         204
 C3:C5A7H         LINE#         207
 C3:C5B0H         LINE#         208
 C3:C5B3H         LINE#         209
 C3:C5B6H         LINE#         210
BL51 BANKED LINKER/LOCATER V6.22                                                      01/06/2017  14:57:29  PAGE 191


 C3:C5BDH         LINE#         211
 C3:C5BDH         LINE#         212
  -------         ENDPROC       _DCR_SETDYMACE
  -------         ENDMOD        DCR_SETDYMACE

  -------         MODULE        ?C?FPADD
  C:15C4H         PUBLIC        ?C?FPADD
  C:15C0H         PUBLIC        ?C?FPSUB
  -------         ENDMOD        ?C?FPADD

  -------         MODULE        ?C?FPMUL
  C:16B5H         PUBLIC        ?C?FPMUL
  -------         ENDMOD        ?C?FPMUL

  -------         MODULE        ?C?FPDIV
  C:17BEH         PUBLIC        ?C?FPDIV
  -------         ENDMOD        ?C?FPDIV

  -------         MODULE        ?C?FPCMP
  C:185DH         PUBLIC        ?C?FPCMP
  C:185BH         PUBLIC        ?C?FPCMP3
  -------         ENDMOD        ?C?FPCMP

  -------         MODULE        ?C?FCAST
  C:18DEH         PUBLIC        ?C?FCASTC
  C:18D9H         PUBLIC        ?C?FCASTI
  C:18D4H         PUBLIC        ?C?FCASTL
  -------         ENDMOD        ?C?FCAST

  -------         MODULE        ?C?CASTF
  C:1912H         PUBLIC        ?C?CASTF
  -------         ENDMOD        ?C?CASTF

  -------         MODULE        PRINTF
  X:A32EH         PUBLIC        ?_PRINTF?BYTE
  X:A32EH         PUBLIC        ?_SPRINTF?BYTE
  C:2211H         PUBLIC        _PRINTF
  C:220BH         PUBLIC        _SPRINTF
  -------         ENDMOD        PRINTF

  -------         MODULE        ?C?FPROUND
  C:1993H         PUBLIC        ?C?FPROUND
  -------         ENDMOD        ?C?FPROUND

  -------         MODULE        ?C?FPCONVERT
  C:19D0H         PUBLIC        ?C?FPCONVERT
  -------         ENDMOD        ?C?FPCONVERT

  -------         MODULE        ?C?FTNPWR
  C:1B05H         PUBLIC        ?C?FTNPWR
  -------         ENDMOD        ?C?FTNPWR

  -------         MODULE        ?C?COPY
  C:1C15H         PUBLIC        ?C?COPY
  -------         ENDMOD        ?C?COPY

  -------         MODULE        ?C?CLDPTR
BL51 BANKED LINKER/LOCATER V6.22                                                      01/06/2017  14:57:29  PAGE 192


  C:1C3BH         PUBLIC        ?C?CLDPTR
  -------         ENDMOD        ?C?CLDPTR

  -------         MODULE        ?C?CLDOPTR
  C:1C54H         PUBLIC        ?C?CLDOPTR
  -------         ENDMOD        ?C?CLDOPTR

  -------         MODULE        ?C?CILDPTR
  C:1C81H         PUBLIC        ?C?CILDPTR
  -------         ENDMOD        ?C?CILDPTR

  -------         MODULE        ?C?CSTPTR
  C:1CA3H         PUBLIC        ?C?CSTPTR
  -------         ENDMOD        ?C?CSTPTR

  -------         MODULE        ?C?CSTOPTR
  C:1CB5H         PUBLIC        ?C?CSTOPTR
  -------         ENDMOD        ?C?CSTOPTR

  -------         MODULE        ?C?IMUL
  C:1CD7H         PUBLIC        ?C?IMUL
  -------         ENDMOD        ?C?IMUL

  -------         MODULE        ?C?UIDIV
  C:1CE9H         PUBLIC        ?C?UIDIV
  -------         ENDMOD        ?C?UIDIV

  -------         MODULE        ?C?SIDIV
  C:1D3EH         PUBLIC        ?C?SIDIV
  -------         ENDMOD        ?C?SIDIV

  -------         MODULE        ?C?IILDX
  C:1D74H         PUBLIC        ?C?IILDX
  -------         ENDMOD        ?C?IILDX

  -------         MODULE        ?C?ILDIX
  C:1D8AH         PUBLIC        ?C?ILDIX
  -------         ENDMOD        ?C?ILDIX

  -------         MODULE        ?C?ILDPTR
  C:1DA0H         PUBLIC        ?C?ILDPTR
  -------         ENDMOD        ?C?ILDPTR

  -------         MODULE        ?C?ILDOPTR
  C:1DCBH         PUBLIC        ?C?ILDOPTR
  -------         ENDMOD        ?C?ILDOPTR

  -------         MODULE        ?C?ISTPTR
  C:1E03H         PUBLIC        ?C?ISTPTR
  -------         ENDMOD        ?C?ISTPTR

  -------         MODULE        ?C?ISTOPTR
  C:1E22H         PUBLIC        ?C?ISTOPTR
  -------         ENDMOD        ?C?ISTOPTR

  -------         MODULE        ?C?LMUL
  C:1E4FH         PUBLIC        ?C?LMUL
BL51 BANKED LINKER/LOCATER V6.22                                                      01/06/2017  14:57:29  PAGE 193


  -------         ENDMOD        ?C?LMUL

  -------         MODULE        ?C?ULDIV
  C:1EDAH         PUBLIC        ?C?ULDIV
  -------         ENDMOD        ?C?ULDIV

  -------         MODULE        ?C?LNEG
  C:1F6CH         PUBLIC        ?C?LNEG
  -------         ENDMOD        ?C?LNEG

  -------         MODULE        ?C?SLCMP
  C:1F7AH         PUBLIC        ?C?SLCMP
  -------         ENDMOD        ?C?SLCMP

  -------         MODULE        ?C?ULCMP
  C:1F90H         PUBLIC        ?C?ULCMP
  -------         ENDMOD        ?C?ULCMP

  -------         MODULE        ?C?ULSHR
  C:1FA1H         PUBLIC        ?C?ULSHR
  -------         ENDMOD        ?C?ULSHR

  -------         MODULE        ?C?SLSHR
  C:1FB4H         PUBLIC        ?C?SLSHR
  -------         ENDMOD        ?C?SLSHR

  -------         MODULE        ?C?LSHL
  C:1FC8H         PUBLIC        ?C?LSHL
  -------         ENDMOD        ?C?LSHL

  -------         MODULE        ?C?LLDPTR
  C:1FDBH         PUBLIC        ?C?LLDPTR
  -------         ENDMOD        ?C?LLDPTR

  -------         MODULE        ?C?LLDXDATA
  C:1FFBH         PUBLIC        ?C?LLDXDATA
  -------         ENDMOD        ?C?LLDXDATA

  -------         MODULE        ?C?LSTXDATA
  C:2007H         PUBLIC        ?C?LSTXDATA
  -------         ENDMOD        ?C?LSTXDATA

  -------         MODULE        ?C?LSTKXDATA
  C:2013H         PUBLIC        ?C?LSTKXDATA
  -------         ENDMOD        ?C?LSTKXDATA

  -------         MODULE        ?C?OFFX256
  C:2044H         PUBLIC        ?C?OFFX256
  -------         ENDMOD        ?C?OFFX256

  -------         MODULE        ?C?OFFXADD
  C:2055H         PUBLIC        ?C?OFFXADD
  -------         ENDMOD        ?C?OFFXADD

  -------         MODULE        ?C?PLDXDATA
  C:2061H         PUBLIC        ?C?PLDXDATA
  -------         ENDMOD        ?C?PLDXDATA
BL51 BANKED LINKER/LOCATER V6.22                                                      01/06/2017  14:57:29  PAGE 194



  -------         MODULE        ?C?PLDIXDATA
  C:206AH         PUBLIC        ?C?PLDIXDATA
  -------         ENDMOD        ?C?PLDIXDATA

  -------         MODULE        ?C?PSTXDATA
  C:2081H         PUBLIC        ?C?PSTXDATA
  -------         ENDMOD        ?C?PSTXDATA

  -------         MODULE        ?C?PLDPTR
  C:208AH         PUBLIC        ?C?PLDPTR
  -------         ENDMOD        ?C?PLDPTR

  -------         MODULE        ?C?PLDOPTR
  C:20AAH         PUBLIC        ?C?PLDOPTR
  -------         ENDMOD        ?C?PLDOPTR

  -------         MODULE        ?C?CCASE
  C:20DAH         PUBLIC        ?C?CCASE
  -------         ENDMOD        ?C?CCASE

  -------         MODULE        ?C?ICASE
  C:2100H         PUBLIC        ?C?ICASE
  -------         ENDMOD        ?C?ICASE

  -------         MODULE        ?C?ICALL
  C:212DH         PUBLIC        ?C?ICALL
  C:2131H         PUBLIC        ?C?ICALL2
  -------         ENDMOD        ?C?ICALL

  -------         MODULE        ?C?LIMUL
  C:2133H         PUBLIC        ?C?LIMUL
  -------         ENDMOD        ?C?LIMUL

  -------         MODULE        ABS
  C:D96DH         PUBLIC        _ABS
  -------         ENDMOD        ABS

  -------         MODULE        LABS
  C:D99EH         PUBLIC        _LABS
  -------         ENDMOD        LABS

  -------         MODULE        ?C?LLDIDATA
  C:2160H         PUBLIC        ?C?LLDIDATA
  -------         ENDMOD        ?C?LLDIDATA

  -------         MODULE        ?C?LLDPDATA
  C:216CH         PUBLIC        ?C?LLDPDATA
  -------         ENDMOD        ?C?LLDPDATA

  -------         MODULE        ?C?LLDCODE
  C:2178H         PUBLIC        ?C?LLDCODE
  -------         ENDMOD        ?C?LLDCODE

  -------         MODULE        ?C?PLDIDATA
  C:2188H         PUBLIC        ?C?PLDIDATA
  -------         ENDMOD        ?C?PLDIDATA
BL51 BANKED LINKER/LOCATER V6.22                                                      01/06/2017  14:57:29  PAGE 195



  -------         MODULE        ?C?PLDPDATA
  C:2191H         PUBLIC        ?C?PLDPDATA
  -------         ENDMOD        ?C?PLDPDATA

  -------         MODULE        ?C?PLDCODE
  C:219AH         PUBLIC        ?C?PLDCODE
  -------         ENDMOD        ?C?PLDCODE

*** WARNING L16: UNCALLED SEGMENT, IGNORED FOR OVERLAY PROCESS
    SEGMENT: ?CO?MAIN

*** WARNING L16: UNCALLED SEGMENT, IGNORED FOR OVERLAY PROCESS
    SEGMENT: ?PR?OSDCTRL

Program Size: data=90.7 xdata=9147 code=329194
LINK/LOCATE RUN COMPLETE.  2 WARNING(S),  0 ERROR(S)
